Archive member included to satisfy reference by file (symbol)

c:/st/stm32cubeide_1.11.2/stm32cubeide/plugins/com.st.stm32cube.ide.mcu.externaltools.gnu-tools-for-stm32.10.3-2021.10.win32_1.0.200.202301161003/tools/bin/../lib/gcc/arm-none-eabi/10.3.1/../../../../arm-none-eabi/lib/thumb/v7e-m+fp/hard\libstdc++_nano.a(allocator-inst.o)
                              ./Core/Src/Communication.o (std::allocator<char>::allocator())
c:/st/stm32cubeide_1.11.2/stm32cubeide/plugins/com.st.stm32cube.ide.mcu.externaltools.gnu-tools-for-stm32.10.3-2021.10.win32_1.0.200.202301161003/tools/bin/../lib/gcc/arm-none-eabi/10.3.1/../../../../arm-none-eabi/lib/thumb/v7e-m+fp/hard\libstdc++_nano.a(functexcept.o)
                              ./Core/Src/Communication.o (std::__throw_invalid_argument(char const*))
c:/st/stm32cubeide_1.11.2/stm32cubeide/plugins/com.st.stm32cube.ide.mcu.externaltools.gnu-tools-for-stm32.10.3-2021.10.win32_1.0.200.202301161003/tools/bin/../lib/gcc/arm-none-eabi/10.3.1/../../../../arm-none-eabi/lib/thumb/v7e-m+fp/hard\libstdc++_nano.a(snprintf_lite.o)
                              c:/st/stm32cubeide_1.11.2/stm32cubeide/plugins/com.st.stm32cube.ide.mcu.externaltools.gnu-tools-for-stm32.10.3-2021.10.win32_1.0.200.202301161003/tools/bin/../lib/gcc/arm-none-eabi/10.3.1/../../../../arm-none-eabi/lib/thumb/v7e-m+fp/hard\libstdc++_nano.a(functexcept.o) (__gnu_cxx::__snprintf_lite(char*, unsigned int, char const*, std::__va_list))
c:/st/stm32cubeide_1.11.2/stm32cubeide/plugins/com.st.stm32cube.ide.mcu.externaltools.gnu-tools-for-stm32.10.3-2021.10.win32_1.0.200.202301161003/tools/bin/../lib/gcc/arm-none-eabi/10.3.1/../../../../arm-none-eabi/lib/thumb/v7e-m+fp/hard\libstdc++_nano.a(string-inst.o)
                              ./Core/Src/Communication.o (std::__cxx11::basic_string<char, std::char_traits<char>, std::allocator<char> >::basic_string())
c:/st/stm32cubeide_1.11.2/stm32cubeide/plugins/com.st.stm32cube.ide.mcu.externaltools.gnu-tools-for-stm32.10.3-2021.10.win32_1.0.200.202301161003/tools/bin/../lib/gcc/arm-none-eabi/10.3.1/../../../../arm-none-eabi/lib/thumb/v7e-m+fp/hard\libstdc++_nano.a(del_op.o)
                              c:/st/stm32cubeide_1.11.2/stm32cubeide/plugins/com.st.stm32cube.ide.mcu.externaltools.gnu-tools-for-stm32.10.3-2021.10.win32_1.0.200.202301161003/tools/bin/../lib/gcc/arm-none-eabi/10.3.1/../../../../arm-none-eabi/lib/thumb/v7e-m+fp/hard\libstdc++_nano.a(string-inst.o) (operator delete(void*))
c:/st/stm32cubeide_1.11.2/stm32cubeide/plugins/com.st.stm32cube.ide.mcu.externaltools.gnu-tools-for-stm32.10.3-2021.10.win32_1.0.200.202301161003/tools/bin/../lib/gcc/arm-none-eabi/10.3.1/../../../../arm-none-eabi/lib/thumb/v7e-m+fp/hard\libstdc++_nano.a(new_op.o)
                              c:/st/stm32cubeide_1.11.2/stm32cubeide/plugins/com.st.stm32cube.ide.mcu.externaltools.gnu-tools-for-stm32.10.3-2021.10.win32_1.0.200.202301161003/tools/bin/../lib/gcc/arm-none-eabi/10.3.1/../../../../arm-none-eabi/lib/thumb/v7e-m+fp/hard\libstdc++_nano.a(string-inst.o) (operator new(unsigned int))
c:/st/stm32cubeide_1.11.2/stm32cubeide/plugins/com.st.stm32cube.ide.mcu.externaltools.gnu-tools-for-stm32.10.3-2021.10.win32_1.0.200.202301161003/tools/bin/../lib/gcc/arm-none-eabi/10.3.1/../../../../arm-none-eabi/lib/thumb/v7e-m+fp/hard\libstdc++_nano.a(new_handler.o)
                              c:/st/stm32cubeide_1.11.2/stm32cubeide/plugins/com.st.stm32cube.ide.mcu.externaltools.gnu-tools-for-stm32.10.3-2021.10.win32_1.0.200.202301161003/tools/bin/../lib/gcc/arm-none-eabi/10.3.1/../../../../arm-none-eabi/lib/thumb/v7e-m+fp/hard\libstdc++_nano.a(new_op.o) (std::get_new_handler())
c:/st/stm32cubeide_1.11.2/stm32cubeide/plugins/com.st.stm32cube.ide.mcu.externaltools.gnu-tools-for-stm32.10.3-2021.10.win32_1.0.200.202301161003/tools/bin/../lib/gcc/arm-none-eabi/10.3.1/../../../../arm-none-eabi/lib/thumb/v7e-m+fp/hard\libm.a(lib_a-s_cos.o)
                              ./Core/Src/MyFunctions.o (cos)
c:/st/stm32cubeide_1.11.2/stm32cubeide/plugins/com.st.stm32cube.ide.mcu.externaltools.gnu-tools-for-stm32.10.3-2021.10.win32_1.0.200.202301161003/tools/bin/../lib/gcc/arm-none-eabi/10.3.1/../../../../arm-none-eabi/lib/thumb/v7e-m+fp/hard\libm.a(lib_a-s_sin.o)
                              ./Core/Src/MyFunctions.o (sin)
c:/st/stm32cubeide_1.11.2/stm32cubeide/plugins/com.st.stm32cube.ide.mcu.externaltools.gnu-tools-for-stm32.10.3-2021.10.win32_1.0.200.202301161003/tools/bin/../lib/gcc/arm-none-eabi/10.3.1/../../../../arm-none-eabi/lib/thumb/v7e-m+fp/hard\libm.a(lib_a-sf_round.o)
                              ./Core/Src/Communication.o (roundf)
c:/st/stm32cubeide_1.11.2/stm32cubeide/plugins/com.st.stm32cube.ide.mcu.externaltools.gnu-tools-for-stm32.10.3-2021.10.win32_1.0.200.202301161003/tools/bin/../lib/gcc/arm-none-eabi/10.3.1/../../../../arm-none-eabi/lib/thumb/v7e-m+fp/hard\libm.a(lib_a-e_rem_pio2.o)
[...]
Memory Configuration

Name             Origin             Length             Attributes
RAM              0x0000000020000000 0x0000000000020000 xrw
FLASH            0x0000000008000000 0x0000000000080000 xr
*default*        0x0000000000000000 0xffffffffffffffff

Linker script and memory map

LOAD c:/st/stm32cubeide_1.11.2/stm32cubeide/plugins/com.st.stm32cube.ide.mcu.externaltools.gnu-tools-for-stm32.10.3-2021.10.win32_1.0.200.202301161003/tools/bin/../lib/gcc/arm-none-eabi/10.3.1/thumb/v7e-m+fp/hard/crti.o
LOAD c:/st/stm32cubeide_1.11.2/stm32cubeide/plugins/com.st.stm32cube.ide.mcu.externaltools.gnu-tools-for-stm32.10.3-2021.10.win32_1.0.200.202301161003/tools/bin/../lib/gcc/arm-none-eabi/10.3.1/thumb/v7e-m+fp/hard/crtbegin.o
LOAD c:/st/stm32cubeide_1.11.2/stm32cubeide/plugins/com.st.stm32cube.ide.mcu.externaltools.gnu-tools-for-stm32.10.3-2021.10.win32_1.0.200.202301161003/tools/bin/../lib/gcc/arm-none-eabi/10.3.1/../../../../arm-none-eabi/lib/thumb/v7e-m+fp/hard/crt0.o
LOAD ./Core/Src/Communication.o
LOAD ./Core/Src/MyFunctions.o
LOAD ./Core/Src/UartRingbuffer.o
LOAD ./Core/Src/adc.o
LOAD ./Core/Src/dma.o
LOAD ./Core/Src/gpio.o
LOAD ./Core/Src/main.o
LOAD ./Core/Src/stm32f4xx_hal_msp.o
LOAD ./Core/Src/stm32f4xx_it.o
LOAD ./Core/Src/syscalls.o
LOAD ./Core/Src/sysmem.o
LOAD ./Core/Src/system_stm32f4xx.o
LOAD ./Core/Src/tim.o
LOAD ./Core/Src/usart.o
LOAD ./Core/Startup/startup_stm32f446retx.o
LOAD ./Drivers/STM32F4xx_HAL_Driver/Src/stm32f4xx_hal.o
LOAD ./Drivers/STM32F4xx_HAL_Driver/Src/stm32f4xx_hal_adc.o
LOAD ./Drivers/STM32F4xx_HAL_Driver/Src/stm32f4xx_hal_adc_ex.o
LOAD ./Drivers/STM32F4xx_HAL_Driver/Src/stm32f4xx_hal_cortex.o
LOAD ./Drivers/STM32F4xx_HAL_Driver/Src/stm32f4xx_hal_dma.o
LOAD ./Drivers/STM32F4xx_HAL_Driver/Src/stm32f4xx_hal_dma_ex.o
LOAD ./Drivers/STM32F4xx_HAL_Driver/Src/stm32f4xx_hal_exti.o
LOAD ./Drivers/STM32F4xx_HAL_Driver/Src/stm32f4xx_hal_flash.o
LOAD ./Drivers/STM32F4xx_HAL_Driver/Src/stm32f4xx_hal_flash_ex.o
LOAD ./Drivers/STM32F4xx_HAL_Driver/Src/stm32f4xx_hal_flash_ramfunc.o
LOAD ./Drivers/STM32F4xx_HAL_Driver/Src/stm32f4xx_hal_gpio.o
LOAD ./Drivers/STM32F4xx_HAL_Driver/Src/stm32f4xx_hal_pwr.o
LOAD ./Drivers/STM32F4xx_HAL_Driver/Src/stm32f4xx_hal_pwr_ex.o
LOAD ./Drivers/STM32F4xx_HAL_Driver/Src/stm32f4xx_hal_rcc.o
LOAD ./Drivers/STM32F4xx_HAL_Driver/Src/stm32f4xx_hal_rcc_ex.o
LOAD ./Drivers/STM32F4xx_HAL_Driver/Src/stm32f4xx_hal_tim.o
LOAD ./Drivers/STM32F4xx_HAL_Driver/Src/stm32f4xx_hal_tim_ex.o
LOAD ./Drivers/STM32F4xx_HAL_Driver/Src/stm32f4xx_hal_uart.o
LOAD ./Drivers/STM32F4xx_HAL_Driver/Src/stm32f4xx_ll_adc.o
START GROUP
LOAD c:/st/stm32cubeide_1.11.2/stm32cubeide/plugins/com.st.stm32cube.ide.mcu.externaltools.gnu-tools-for-stm32.10.3-2021.10.win32_1.0.200.202301161003/tools/bin/../lib/gcc/arm-none-eabi/10.3.1/../../../../arm-none-eabi/lib/thumb/v7e-m+fp/hard\libstdc++_nano.a
LOAD c:/st/stm32cubeide_1.11.2/stm32cubeide/plugins/com.st.stm32cube.ide.mcu.externaltools.gnu-tools-for-stm32.10.3-2021.10.win32_1.0.200.202301161003/tools/bin/../lib/gcc/arm-none-eabi/10.3.1/../../../../arm-none-eabi/lib/thumb/v7e-m+fp/hard\libsupc++_nano.a
END GROUP
LOAD c:/st/stm32cubeide_1.11.2/stm32cubeide/plugins/com.st.stm32cube.ide.mcu.externaltools.gnu-tools-for-stm32.10.3-2021.10.win32_1.0.200.202301161003/tools/bin/../lib/gcc/arm-none-eabi/10.3.1/../../../../arm-none-eabi/lib/thumb/v7e-m+fp/hard\libstdc++_nano.a
LOAD c:/st/stm32cubeide_1.11.2/stm32cubeide/plugins/com.st.stm32cube.ide.mcu.externaltools.gnu-tools-for-stm32.10.3-2021.10.win32_1.0.200.202301161003/tools/bin/../lib/gcc/arm-none-eabi/10.3.1/../../../../arm-none-eabi/lib/thumb/v7e-m+fp/hard\libm.a
LOAD c:/st/stm32cubeide_1.11.2/stm32cubeide/plugins/com.st.stm32cube.ide.mcu.externaltools.gnu-tools-for-stm32.10.3-2021.10.win32_1.0.200.202301161003/tools/bin/../lib/gcc/arm-none-eabi/10.3.1/../../../../arm-none-eabi/lib/thumb/v7e-m+fp/hard\libc_nano.a
START GROUP
LOAD c:/st/stm32cubeide_1.11.2/stm32cubeide/plugins/com.st.stm32cube.ide.mcu.externaltools.gnu-tools-for-stm32.10.3-2021.10.win32_1.0.200.202301161003/tools/bin/../lib/gcc/arm-none-eabi/10.3.1/thumb/v7e-m+fp/hard\libgcc.a
LOAD c:/st/stm32cubeide_1.11.2/stm32cubeide/plugins/com.st.stm32cube.ide.mcu.externaltools.gnu-tools-for-stm32.10.3-2021.10.win32_1.0.200.202301161003/tools/bin/../lib/gcc/arm-none-eabi/10.3.1/../../../../arm-none-eabi/lib/thumb/v7e-m+fp/hard\libc_nano.a
END GROUP
START GROUP
LOAD c:/st/stm32cubeide_1.11.2/stm32cubeide/plugins/com.st.stm32cube.ide.mcu.externaltools.gnu-tools-for-stm32.10.3-2021.10.win32_1.0.200.202301161003/tools/bin/../lib/gcc/arm-none-eabi/10.3.1/thumb/v7e-m+fp/hard\libgcc.a
LOAD c:/st/stm32cubeide_1.11.2/stm32cubeide/plugins/com.st.stm32cube.ide.mcu.externaltools.gnu-tools-for-stm32.10.3-2021.10.win32_1.0.200.202301161003/tools/bin/../lib/gcc/arm-none-eabi/10.3.1/../../../../arm-none-eabi/lib/thumb/v7e-m+fp/hard\libc_nano.a
LOAD c:/st/stm32cubeide_1.11.2/stm32cubeide/plugins/com.st.stm32cube.ide.mcu.externaltools.gnu-tools-for-stm32.10.3-2021.10.win32_1.0.200.202301161003/tools/bin/../lib/gcc/arm-none-eabi/10.3.1/../../../../arm-none-eabi/lib/thumb/v7e-m+fp/hard\libnosys.a
END GROUP
START GROUP
LOAD c:/st/stm32cubeide_1.11.2/stm32cubeide/plugins/com.st.stm32cube.ide.mcu.externaltools.gnu-tools-for-stm32.10.3-2021.10.win32_1.0.200.202301161003/tools/bin/../lib/gcc/arm-none-eabi/10.3.1/thumb/v7e-m+fp/hard\libgcc.a
LOAD c:/st/stm32cubeide_1.11.2/stm32cubeide/plugins/com.st.stm32cube.ide.mcu.externaltools.gnu-tools-for-stm32.10.3-2021.10.win32_1.0.200.202301161003/tools/bin/../lib/gcc/arm-none-eabi/10.3.1/../../../../arm-none-eabi/lib/thumb/v7e-m+fp/hard\libc_nano.a
LOAD c:/st/stm32cubeide_1.11.2/stm32cubeide/plugins/com.st.stm32cube.ide.mcu.externaltools.gnu-tools-for-stm32.10.3-2021.10.win32_1.0.200.202301161003/tools/bin/../lib/gcc/arm-none-eabi/10.3.1/../../../../arm-none-eabi/lib/thumb/v7e-m+fp/hard\libnosys.a
END GROUP
LOAD c:/st/stm32cubeide_1.11.2/stm32cubeide/plugins/com.st.stm32cube.ide.mcu.externaltools.gnu-tools-for-stm32.10.3-2021.10.win32_1.0.200.202301161003/tools/bin/../lib/gcc/arm-none-eabi/10.3.1/thumb/v7e-m+fp/hard/crtend.o
LOAD c:/st/stm32cubeide_1.11.2/stm32cubeide/plugins/com.st.stm32cube.ide.mcu.externaltools.gnu-tools-for-stm32.10.3-2021.10.win32_1.0.200.202301161003/tools/bin/../lib/gcc/arm-none-eabi/10.3.1/thumb/v7e-m+fp/hard/crtn.o
                0x0000000020020000                _estack = (ORIGIN (RAM) + LENGTH (RAM))
                0x0000000000000200                _Min_Heap_Size = 0x200
                0x0000000000000400                _Min_Stack_Size = 0x400

.isr_vector     0x0000000008000000      0x1c4
                0x0000000008000000                . = ALIGN (0x4)
 *(.isr_vector)
 .isr_vector    0x0000000008000000      0x1c4 ./Core/Startup/startup_stm32f446retx.o
                0x0000000008000000                g_pfnVectors
                0x00000000080001c4                . = ALIGN (0x4)

.text           0x00000000080001d0     0xf368
                0x00000000080001d0                . = ALIGN (0x4)
 *(.text)
 .text          0x00000000080001d0       0x40 c:/st/stm32cubeide_1.11.2/stm32cubeide/plugins/com.st.stm32cube.ide.mcu.externaltools.gnu-tools-for-stm32.10.3-2021.10.win32_1.0.200.202301161003/tools/bin/../lib/gcc/arm-none-eabi/10.3.1/thumb/v7e-m+fp/hard/crtbegin.o
 .text          0x0000000008000210       0xa0 c:/st/stm32cubeide_1.11.2/stm32cubeide/plugins/com.st.stm32cube.ide.mcu.externaltools.gnu-tools-for-stm32.10.3-2021.10.win32_1.0.200.202301161003/tools/bin/../lib/gcc/arm-none-eabi/10.3.1/../../../../arm-none-eabi/lib/thumb/v7e-m+fp/hard\libc_nano.a(lib_a-memchr.o)
                0x0000000008000210                memchr
 .text          0x00000000080002b0       0x10 c:/st/stm32cubeide_1.11.2/stm32cubeide/plugins/com.st.stm32cube.ide.mcu.externaltools.gnu-tools-for-stm32.10.3-2021.10.win32_1.0.200.202301161003/tools/bin/../lib/gcc/arm-none-eabi/10.3.1/../../../../arm-none-eabi/lib/thumb/v7e-m+fp/hard\libc_nano.a(lib_a-strlen.o)
                0x00000000080002b0                strlen
 .text          0x00000000080002c0      0x378 c:/st/stm32cubeide_1.11.2/stm32cubeide/plugins/com.st.stm32cube.ide.mcu.externaltools.gnu-tools-for-stm32.10.3-2021.10.win32_1.0.200.202301161003/tools/bin/../lib/gcc/arm-none-eabi/10.3.1/thumb/v7e-m+fp/hard\libgcc.a(_arm_addsubdf3.o)
                0x00000000080002c0                __aeabi_drsub
                0x00000000080002c8                __aeabi_dsub
                0x00000000080002c8                __subdf3
                0x00000000080002cc                __aeabi_dadd
                0x00000000080002cc                __adddf3
                0x0000000008000544                __floatunsidf
                0x0000000008000544                __aeabi_ui2d
                0x0000000008000564                __floatsidf
                0x0000000008000564                __aeabi_i2d
                0x0000000008000588                __aeabi_f2d
                0x0000000008000588                __extendsfdf2
                0x00000000080005cc                __floatundidf
                0x00000000080005cc                __aeabi_ul2d
                0x00000000080005dc                __floatdidf
                0x00000000080005dc                __aeabi_l2d
 .text          0x0000000008000638      0x424 c:/st/stm32cubeide_1.11.2/stm32cubeide/plugins/com.st.stm32cube.ide.mcu.externaltools.gnu-tools-for-stm32.10.3-2021.10.win32_1.0.200.202301161003/tools/bin/../lib/gcc/arm-none-eabi/10.3.1/thumb/v7e-m+fp/hard\libgcc.a(_arm_muldivdf3.o)
                0x0000000008000638                __aeabi_dmul
                0x0000000008000638                __muldf3
                0x000000000800088c                __divdf3
                0x000000000800088c                __aeabi_ddiv
 .text          0x0000000008000a5c      0x110 c:/st/stm32cubeide_1.11.2/stm32cubeide/plugins/com.st.stm32cube.ide.mcu.externaltools.gnu-tools-for-stm32.10.3-2021.10.win32_1.0.200.202301161003/tools/bin/../lib/gcc/arm-none-eabi/10.3.1/thumb/v7e-m+fp/hard\libgcc.a(_arm_cmpdf2.o)
                0x0000000008000a5c                __gtdf2
                0x0000000008000a5c                __gedf2
                0x0000000008000a64                __ltdf2
                0x0000000008000a64                __ledf2
                0x0000000008000a6c                __nedf2
                0x0000000008000a6c                __eqdf2
                0x0000000008000a6c                __cmpdf2
                0x0000000008000ae8                __aeabi_cdrcmple
                0x0000000008000af8                __aeabi_cdcmpeq
                0x0000000008000af8                __aeabi_cdcmple
                0x0000000008000b08                __aeabi_dcmpeq
                0x0000000008000b1c                __aeabi_dcmplt
                0x0000000008000b30                __aeabi_dcmple
                0x0000000008000b44                __aeabi_dcmpge
                0x0000000008000b58                __aeabi_dcmpgt
 .text          0x0000000008000b6c       0x2c c:/st/stm32cubeide_1.11.2/stm32cubeide/plugins/com.st.stm32cube.ide.mcu.externaltools.gnu-tools-for-stm32.10.3-2021.10.win32_1.0.200.202301161003/tools/bin/../lib/gcc/arm-none-eabi/10.3.1/thumb/v7e-m+fp/hard\libgcc.a(_arm_unorddf2.o)
                0x0000000008000b6c                __unorddf2
                0x0000000008000b6c                __aeabi_dcmpun
 .text          0x0000000008000b98       0x50 c:/st/stm32cubeide_1.11.2/stm32cubeide/plugins/com.st.stm32cube.ide.mcu.externaltools.gnu-tools-for-stm32.10.3-2021.10.win32_1.0.200.202301161003/tools/bin/../lib/gcc/arm-none-eabi/10.3.1/thumb/v7e-m+fp/hard\libgcc.a(_arm_fixdfsi.o)
                0x0000000008000b98                __aeabi_d2iz
                0x0000000008000b98                __fixdfsi
 .text          0x0000000008000be8       0x40 c:/st/stm32cubeide_1.11.2/stm32cubeide/plugins/com.st.stm32cube.ide.mcu.externaltools.gnu-tools-for-stm32.10.3-2021.10.win32_1.0.200.202301161003/tools/bin/../lib/gcc/arm-none-eabi/10.3.1/thumb/v7e-m+fp/hard\libgcc.a(_arm_fixunsdfsi.o)
                0x0000000008000be8                __aeabi_d2uiz
                0x0000000008000be8                __fixunsdfsi
 .text          0x0000000008000c28       0xa0 c:/st/stm32cubeide_1.11.2/stm32cubeide/plugins/com.st.stm32cube.ide.mcu.externaltools.gnu-tools-for-stm32.10.3-2021.10.win32_1.0.200.202301161003/tools/bin/../lib/gcc/arm-none-eabi/10.3.1/thumb/v7e-m+fp/hard\libgcc.a(_arm_truncdfsf2.o)
                0x0000000008000c28                __truncdfsf2
                0x0000000008000c28                __aeabi_d2f
 .text          0x0000000008000cc8       0x30 c:/st/stm32cubeide_1.11.2/stm32cubeide/plugins/com.st.stm32cube.ide.mcu.externaltools.gnu-tools-for-stm32.10.3-2021.10.win32_1.0.200.202301161003/tools/bin/../lib/gcc/arm-none-eabi/10.3.1/thumb/v7e-m+fp/hard\libgcc.a(_aeabi_uldivmod.o)
                0x0000000008000cc8                __aeabi_uldivmod
 .text          0x0000000008000cf8       0x30 c:/st/stm32cubeide_1.11.2/stm32cubeide/plugins/com.st.stm32cube.ide.mcu.externaltools.gnu-tools-for-stm32.10.3-2021.10.win32_1.0.200.202301161003/tools/bin/../lib/gcc/arm-none-eabi/10.3.1/thumb/v7e-m+fp/hard\libgcc.a(_fixdfdi.o)
                0x0000000008000cf8                __fixdfdi
                0x0000000008000cf8                __aeabi_d2lz
 .text          0x0000000008000d28       0x3c c:/st/stm32cubeide_1.11.2/stm32cubeide/plugins/com.st.stm32cube.ide.mcu.externaltools.gnu-tools-for-stm32.10.3-2021.10.win32_1.0.200.202301161003/tools/bin/../lib/gcc/arm-none-eabi/10.3.1/thumb/v7e-m+fp/hard\libgcc.a(_fixunsdfdi.o)
                0x0000000008000d28                __fixunsdfdi
                0x0000000008000d28                __aeabi_d2ulz
 .text          0x0000000008000d64      0x2d0 c:/st/stm32cubeide_1.11.2/stm32cubeide/plugins/com.st.stm32cube.ide.mcu.externaltools.gnu-tools-for-stm32.10.3-2021.10.win32_1.0.200.202301161003/tools/bin/../lib/gcc/arm-none-eabi/10.3.1/thumb/v7e-m+fp/hard\libgcc.a(_udivmoddi4.o)
                0x0000000008000d64                __udivmoddi4
 .text          0x0000000008001034        0x4 c:/st/stm32cubeide_1.11.2/stm32cubeide/plugins/com.st.stm32cube.ide.mcu.externaltools.gnu-tools-for-stm32.10.3-2021.10.win32_1.0.200.202301161003/tools/bin/../lib/gcc/arm-none-eabi/10.3.1/thumb/v7e-m+fp/hard\libgcc.a(_dvmd_tls.o)
                0x0000000008001034                __aeabi_idiv0
                0x0000000008001034                __aeabi_ldiv0
 *(.text*)
 .text._ZNSt7__cxx114stofERKNS_12basic_stringIcSt11char_traitsIcESaIcEEEPj
                0x0000000008001038       0x34 ./Core/Src/Communication.o
                0x0000000008001038                std::__cxx11::stof(std::__cxx11::basic_string<char, std::char_traits<char>, std::allocator<char> > const&, unsigned int*)
 .text._ZNSt7__cxx119to_stringEj
                0x000000000800106c       0x5c ./Core/Src/Communication.o
                0x000000000800106c                std::__cxx11::to_string(unsigned int)
 .text._ZNSt7__cxx119to_stringEl
                0x00000000080010c8       0x72 ./Core/Src/Communication.o
                0x00000000080010c8                std::__cxx11::to_string(long)
 .text.SendSingleChar
                0x000000000800113a       0x1a ./Core/Src/Communication.o
                0x000000000800113a                SendSingleChar
 .text._Z18SendSentenceStringNSt7__cxx1112basic_stringIcSt11char_traitsIcESaIcEEE
                0x0000000008001154       0x46 ./Core/Src/Communication.o
                0x0000000008001154                SendSentenceString(std::__cxx11::basic_string<char, std::char_traits<char>, std::allocator<char> >)
 .text._Z11ReadMessageB5cxx11v
                0x000000000800119a       0x3e ./Core/Src/Communication.o
                0x000000000800119a                ReadMessage[abi:cxx11]()
 .text._Z12StartProgramv
                0x00000000080011d8       0x44 ./Core/Src/Communication.o
                0x00000000080011d8                StartProgram()
 *fill*         0x000000000800121c        0x4 
 .text._Z19GetCurrentPositionsNSt7__cxx1112basic_stringIcSt11char_traitsIcESaIcEEE
                0x0000000008001220      0x1dc ./Core/Src/Communication.o
                0x0000000008001220                GetCurrentPositions(std::__cxx11::basic_string<char, std::char_traits<char>, std::allocator<char> >)
 .text._Z11StopProgramv
                0x00000000080013fc       0x1c ./Core/Src/Communication.o
                0x00000000080013fc                StopProgram()
 .text._Z18GetMeasurementInfoNSt7__cxx1112basic_stringIcSt11char_traitsIcESaIcEEE
                0x0000000008001418      0x250 ./Core/Src/Communication.o
                0x0000000008001418                GetMeasurementInfo(std::__cxx11::basic_string<char, std::char_traits<char>, std::allocator<char> >)
 .text._Z14GetDestinationP7StepperNSt7__cxx1112basic_stringIcSt11char_traitsIcESaIcEEE
                0x0000000008001668       0x80 ./Core/Src/Communication.o
                0x0000000008001668                GetDestination(Stepper*, std::__cxx11::basic_string<char, std::char_traits<char>, std::allocator<char> >)
 .text._Z8AxisLockNSt7__cxx1112basic_stringIcSt11char_traitsIcESaIcEEE
                0x00000000080016e8       0x58 ./Core/Src/Communication.o
                0x00000000080016e8                AxisLock(std::__cxx11::basic_string<char, std::char_traits<char>, std::allocator<char> >)
 .text._Z10AxisUnlockNSt7__cxx1112basic_stringIcSt11char_traitsIcESaIcEEE
                0x0000000008001740       0x58 ./Core/Src/Communication.o
                0x0000000008001740                AxisUnlock(std::__cxx11::basic_string<char, std::char_traits<char>, std::allocator<char> >)
 .text._Z20GetDoubleDestinationP7StepperS0_NSt7__cxx1112basic_stringIcSt11char_traitsIcESaIcEEE
                0x0000000008001798       0xf4 ./Core/Src/Communication.o
                0x0000000008001798                GetDoubleDestination(Stepper*, Stepper*, std::__cxx11::basic_string<char, std::char_traits<char>, std::allocator<char> >)
 .text._Z11GetStartEndNSt7__cxx1112basic_stringIcSt11char_traitsIcESaIcEEE
                0x000000000800188c      0x1e4 ./Core/Src/Communication.o
                0x000000000800188c                GetStartEnd(std::__cxx11::basic_string<char, std::char_traits<char>, std::allocator<char> >)
 .text._Z8ZeroAxisNSt7__cxx1112basic_stringIcSt11char_traitsIcESaIcEEE
                0x0000000008001a70       0x94 ./Core/Src/Communication.o
                0x0000000008001a70                ZeroAxis(std::__cxx11::basic_string<char, std::char_traits<char>, std::allocator<char> >)
 .text._Z16StartCalibrationNSt7__cxx1112basic_stringIcSt11char_traitsIcESaIcEEE
                0x0000000008001b04      0x128 ./Core/Src/Communication.o
                0x0000000008001b04                StartCalibration(std::__cxx11::basic_string<char, std::char_traits<char>, std::allocator<char> >)
 *fill*         0x0000000008001c2c        0x4 
 .text.SendCurrentPosition
                0x0000000008001c30      0x1a4 ./Core/Src/Communication.o
                0x0000000008001c30                SendCurrentPosition
 .text.SendCurrentPoint
                0x0000000008001dd4       0x9c ./Core/Src/Communication.o
                0x0000000008001dd4                SendCurrentPoint
 .text._Z14SendingHandlerv
                0x0000000008001e70       0xe0 ./Core/Src/Communication.o
                0x0000000008001e70                SendingHandler()
 .text.MessageHandler
                0x0000000008001f50      0x358 ./Core/Src/Communication.o
                0x0000000008001f50                MessageHandler
 .text._ZZN9__gnu_cxx6__stoaIffcJEEET0_PFT_PKT1_PPS3_DpT2_EPKcS5_PjS9_EN11_Save_errnoC2Ev
                0x00000000080022a8       0x28 ./Core/Src/Communication.o
                0x00000000080022a8                __gnu_cxx::__stoa<float, float, char>(float (*)(char const*, char**), char const*, char const*, unsigned int*)::_Save_errno::_Save_errno()
                0x00000000080022a8                __gnu_cxx::__stoa<float, float, char>(float (*)(char const*, char**), char const*, char const*, unsigned int*)::_Save_errno::_Save_errno()
 .text._ZZN9__gnu_cxx6__stoaIffcJEEET0_PFT_PKT1_PPS3_DpT2_EPKcS5_PjS9_EN11_Save_errnoD2Ev
                0x00000000080022d0       0x34 ./Core/Src/Communication.o
                0x00000000080022d0                __gnu_cxx::__stoa<float, float, char>(float (*)(char const*, char**), char const*, char const*, unsigned int*)::_Save_errno::~_Save_errno()
                0x00000000080022d0                __gnu_cxx::__stoa<float, float, char>(float (*)(char const*, char**), char const*, char const*, unsigned int*)::_Save_errno::~_Save_errno()
 .text._ZZN9__gnu_cxx6__stoaIffcJEEET0_PFT_PKT1_PPS3_DpT2_EPKcS5_PjS9_EN10_Range_chk6_S_chkEfSt17integral_constantIbLb0EE
                0x0000000008002304       0x1a ./Core/Src/Communication.o
                0x0000000008002304                __gnu_cxx::__stoa<float, float, char>(float (*)(char const*, char**), char const*, char const*, unsigned int*)::_Range_chk::_S_chk(float, std::integral_constant<bool, false>)
 .text._ZN9__gnu_cxx6__stoaIffcJEEET0_PFT_PKT1_PPS3_DpT2_EPKcS5_PjS9_
                0x000000000800231e       0x92 ./Core/Src/Communication.o
                0x000000000800231e                float __gnu_cxx::__stoa<float, float, char>(float (*)(char const*, char**), char const*, char const*, unsigned int*)
 .text._ZNSt8__detail14__to_chars_lenIjEEjT_i
                0x00000000080023b0       0x7e ./Core/Src/Communication.o
                0x00000000080023b0                unsigned int std::__detail::__to_chars_len<unsigned int>(unsigned int, int)
 *fill*         0x000000000800242e        0x2 
 .text._ZNSt8__detail18__to_chars_10_implIjEEvPcjT_
                0x0000000008002430       0xac ./Core/Src/Communication.o
                0x0000000008002430                void std::__detail::__to_chars_10_impl<unsigned int>(char*, unsigned int, unsigned int)
 .text._ZNSt8__detail14__to_chars_lenImEEjT_i
                0x00000000080024dc       0x7e ./Core/Src/Communication.o
                0x00000000080024dc                unsigned int std::__detail::__to_chars_len<unsigned long>(unsigned long, int)
 *fill*         0x000000000800255a        0x2 
 .text._ZNSt8__detail18__to_chars_10_implImEEvPcjT_
                0x000000000800255c       0xac ./Core/Src/Communication.o
                0x000000000800255c                void std::__detail::__to_chars_10_impl<unsigned long>(char*, unsigned int, unsigned long)
 .text._ZNK9__gnu_cxx17__normal_iteratorIPcNSt7__cxx1112basic_stringIcSt11char_traitsIcESaIcEEEEplEi
                0x0000000008002608       0x2e ./Core/Src/Communication.o
                0x0000000008002608                __gnu_cxx::__normal_iterator<char*, std::__cxx11::basic_string<char, std::char_traits<char>, std::allocator<char> > >::operator+(int) const
 .text._ZN9__gnu_cxx17__normal_iteratorIPKcNSt7__cxx1112basic_stringIcSt11char_traitsIcESaIcEEEEC2IPcEERKNS0_IT_NS_11__enable_ifIXsrSt10__are_sameISC_SB_E7__valueES8_E6__typeEEE
                0x0000000008002636       0x22 ./Core/Src/Communication.o
                0x0000000008002636                __gnu_cxx::__normal_iterator<char const*, std::__cxx11::basic_string<char, std::char_traits<char>, std::allocator<char> > >::__normal_iterator<char*>(__gnu_cxx::__normal_iterator<char*, __gnu_cxx::__enable_if<std::__are_same<char*, char*>::__value, std::__cxx11::basic_string<char, std::char_traits<char>, std::allocator<char> > >::__type> const&)
                0x0000000008002636                __gnu_cxx::__normal_iterator<char const*, std::__cxx11::basic_string<char, std::char_traits<char>, std::allocator<char> > >::__normal_iterator<char*>(__gnu_cxx::__normal_iterator<char*, __gnu_cxx::__enable_if<std::__are_same<char*, char*>::__value, std::__cxx11::basic_string<char, std::char_traits<char>, std::allocator<char> > >::__type> const&)
 .text._ZN9__gnu_cxx17__normal_iteratorIPcNSt7__cxx1112basic_stringIcSt11char_traitsIcESaIcEEEEC2ERKS1_
                0x0000000008002658       0x20 ./Core/Src/Communication.o
                0x0000000008002658                __gnu_cxx::__normal_iterator<char*, std::__cxx11::basic_string<char, std::char_traits<char>, std::allocator<char> > >::__normal_iterator(char* const&)
                0x0000000008002658                __gnu_cxx::__normal_iterator<char*, std::__cxx11::basic_string<char, std::char_traits<char>, std::allocator<char> > >::__normal_iterator(char* const&)
 .text._ZNK9__gnu_cxx17__normal_iteratorIPcNSt7__cxx1112basic_stringIcSt11char_traitsIcESaIcEEEE4baseEv
                0x0000000008002678       0x16 ./Core/Src/Communication.o
                0x0000000008002678                __gnu_cxx::__normal_iterator<char*, std::__cxx11::basic_string<char, std::char_traits<char>, std::allocator<char> > >::base() const
 *fill*         0x000000000800268e        0x2 
 .text._Z41__static_initialization_and_destruction_0ii
                0x0000000008002690       0x64 ./Core/Src/Communication.o
 .text._GLOBAL__sub_I__Z9delimeterB5cxx11
                0x00000000080026f4       0x10 ./Core/Src/Communication.o
 .text._GLOBAL__sub_D__Z9delimeterB5cxx11
                0x0000000008002704       0x10 ./Core/Src/Communication.o
 .text.ChangePinState
                0x0000000008002714       0x30 ./Core/Src/MyFunctions.o
                0x0000000008002714                ChangePinState
 .text.InitializeComponents
                0x0000000008002744       0x44 ./Core/Src/MyFunctions.o
                0x0000000008002744                InitializeComponents
 .text.SetStep  0x0000000008002788       0xe0 ./Core/Src/MyFunctions.o
                0x0000000008002788                SetStep
 .text.SetStepDirection
                0x0000000008002868      0x150 ./Core/Src/MyFunctions.o
                0x0000000008002868                SetStepDirection
 .text.ADCHandler
                0x00000000080029b8       0x48 ./Core/Src/MyFunctions.o
                0x00000000080029b8                ADCHandler
 .text.StepperInit
                0x0000000008002a00       0xc0 ./Core/Src/MyFunctions.o
                0x0000000008002a00                StepperInit
 .text.StepperUVInit
                0x0000000008002ac0       0x5a ./Core/Src/MyFunctions.o
                0x0000000008002ac0                StepperUVInit
 *fill*         0x0000000008002b1a        0x2 
 .text.InitializeSteppers
                0x0000000008002b1c      0x130 ./Core/Src/MyFunctions.o
                0x0000000008002b1c                InitializeSteppers
 .text.ChangeStepperState
                0x0000000008002c4c       0x84 ./Core/Src/MyFunctions.o
                0x0000000008002c4c                ChangeStepperState
 .text.ChangeStepperUVState
                0x0000000008002cd0       0x70 ./Core/Src/MyFunctions.o
                0x0000000008002cd0                ChangeStepperUVState
 .text.MoveUVStepper
                0x0000000008002d40       0x74 ./Core/Src/MyFunctions.o
                0x0000000008002d40                MoveUVStepper
 .text.StopStepper
                0x0000000008002db4       0x18 ./Core/Src/MyFunctions.o
                0x0000000008002db4                StopStepper
 .text.GoPlus   0x0000000008002dcc       0x18 ./Core/Src/MyFunctions.o
                0x0000000008002dcc                GoPlus
 .text.GoMinus  0x0000000008002de4       0x18 ./Core/Src/MyFunctions.o
                0x0000000008002de4                GoMinus
 .text.StepperLock
                0x0000000008002dfc       0x20 ./Core/Src/MyFunctions.o
                0x0000000008002dfc                StepperLock
 .text.HardStop
                0x0000000008002e1c       0x1e ./Core/Src/MyFunctions.o
                0x0000000008002e1c                HardStop
 *fill*         0x0000000008002e3a        0x2 
 .text.ChangeStepperSpeed
                0x0000000008002e3c      0x16c ./Core/Src/MyFunctions.o
                0x0000000008002e3c                ChangeStepperSpeed
 .text.MoveStepperToPosition
                0x0000000008002fa8       0x36 ./Core/Src/MyFunctions.o
                0x0000000008002fa8                MoveStepperToPosition
 *fill*         0x0000000008002fde        0x2 
 .text.ReadCurrentPositions
                0x0000000008002fe0       0x8c ./Core/Src/MyFunctions.o
                0x0000000008002fe0                ReadCurrentPositions
 *fill*         0x000000000800306c        0x4 
 .text.MovementHandler
                0x0000000008003070      0x29c ./Core/Src/MyFunctions.o
                0x0000000008003070                MovementHandler
 *fill*         0x000000000800330c        0x4 
 .text.CheckPosition
                0x0000000008003310      0x114 ./Core/Src/MyFunctions.o
                0x0000000008003310                CheckPosition
 .text.StepperHandler
                0x0000000008003424       0x34 ./Core/Src/MyFunctions.o
                0x0000000008003424                StepperHandler
 .text.UVCheckSteps
                0x0000000008003458       0x2e ./Core/Src/MyFunctions.o
                0x0000000008003458                UVCheckSteps
 .text.UVStepperHandler
                0x0000000008003486       0x64 ./Core/Src/MyFunctions.o
                0x0000000008003486                UVStepperHandler
 *fill*         0x00000000080034ea        0x2 
 .text.StartPreparing
                0x00000000080034ec       0x24 ./Core/Src/MyFunctions.o
                0x00000000080034ec                StartPreparing
 .text.PreparingHandler
                0x0000000008003510      0x4b0 ./Core/Src/MyFunctions.o
                0x0000000008003510                PreparingHandler
 .text.GeneratePath
                0x00000000080039c0      0x198 ./Core/Src/MyFunctions.o
                0x00000000080039c0                GeneratePath
 .text.SetStepperSpeeds
                0x0000000008003b58      0x1a0 ./Core/Src/MyFunctions.o
                0x0000000008003b58                SetStepperSpeeds
 .text.StartMeasuring
                0x0000000008003cf8       0x18 ./Core/Src/MyFunctions.o
                0x0000000008003cf8                StartMeasuring
 .text.AutomaticHandlerLP
                0x0000000008003d10      0x144 ./Core/Src/MyFunctions.o
                0x0000000008003d10                AutomaticHandlerLP
 .text.AutomaticHandlerGD
                0x0000000008003e54      0x144 ./Core/Src/MyFunctions.o
                0x0000000008003e54                AutomaticHandlerGD
 .text.AutomaticHandlerSpiral
                0x0000000008003f98       0x78 ./Core/Src/MyFunctions.o
                0x0000000008003f98                AutomaticHandlerSpiral
 .text.AutomaticHandlerCage
                0x0000000008004010      0x30c ./Core/Src/MyFunctions.o
                0x0000000008004010                AutomaticHandlerCage
 .text.AutomaticHandlerXY
                0x000000000800431c      0x144 ./Core/Src/MyFunctions.o
                0x000000000800431c                AutomaticHandlerXY
 .text.ResetTargetPositions
                0x0000000008004460       0x28 ./Core/Src/MyFunctions.o
                0x0000000008004460                ResetTargetPositions
 .text.StopMeasuring
                0x0000000008004488       0xa8 ./Core/Src/MyFunctions.o
                0x0000000008004488                StopMeasuring
 .text.AlignAxis
                0x0000000008004530      0x4a8 ./Core/Src/MyFunctions.o
                0x0000000008004530                AlignAxis
 .text.AxisPositionCalibrationHandler
                0x00000000080049d8      0x2b8 ./Core/Src/MyFunctions.o
                0x00000000080049d8                AxisPositionCalibrationHandler
 .text.MainFunction
                0x0000000008004c90      0x100 ./Core/Src/MyFunctions.o
                0x0000000008004c90                MainFunction
 .text.Ringbuf_init
                0x0000000008004d90       0x50 ./Core/Src/UartRingbuffer.o
                0x0000000008004d90                Ringbuf_init
 .text.store_char
                0x0000000008004de0       0x3e ./Core/Src/UartRingbuffer.o
                0x0000000008004de0                store_char
 *fill*         0x0000000008004e1e        0x2 
 .text.Uart_read
                0x0000000008004e20       0x50 ./Core/Src/UartRingbuffer.o
                0x0000000008004e20                Uart_read
 .text.Uart_write
                0x0000000008004e70       0x68 ./Core/Src/UartRingbuffer.o
                0x0000000008004e70                Uart_write
 .text.IsDataAvailable
                0x0000000008004ed8       0x30 ./Core/Src/UartRingbuffer.o
                0x0000000008004ed8                IsDataAvailable
 .text.Uart_isr
                0x0000000008004f08       0xb4 ./Core/Src/UartRingbuffer.o
                0x0000000008004f08                Uart_isr
 .text.MX_ADC1_Init
                0x0000000008004fbc       0xa4 ./Core/Src/adc.o
                0x0000000008004fbc                MX_ADC1_Init
 .text.HAL_ADC_MspInit
                0x0000000008005060       0xf0 ./Core/Src/adc.o
                0x0000000008005060                HAL_ADC_MspInit
 .text.MX_DMA_Init
                0x0000000008005150       0x40 ./Core/Src/dma.o
                0x0000000008005150                MX_DMA_Init
 .text.MX_GPIO_Init
                0x0000000008005190      0x268 ./Core/Src/gpio.o
                0x0000000008005190                MX_GPIO_Init
 .text.main     0x00000000080053f8       0x78 ./Core/Src/main.o
                0x00000000080053f8                main
 .text.SystemClock_Config
                0x0000000008005470       0xe4 ./Core/Src/main.o
                0x0000000008005470                SystemClock_Config
 .text.HAL_TIM_PeriodElapsedCallback
                0x0000000008005554       0x44 ./Core/Src/main.o
                0x0000000008005554                HAL_TIM_PeriodElapsedCallback
 .text.HAL_TIM_PWM_PulseFinishedCallback
                0x0000000008005598       0x58 ./Core/Src/main.o
                0x0000000008005598                HAL_TIM_PWM_PulseFinishedCallback
 .text.HAL_GPIO_EXTI_Callback
                0x00000000080055f0      0x1c8 ./Core/Src/main.o
                0x00000000080055f0                HAL_GPIO_EXTI_Callback
 .text.Error_Handler
                0x00000000080057b8        0xa ./Core/Src/main.o
                0x00000000080057b8                Error_Handler
 *fill*         0x00000000080057c2        0x2 
 .text.HAL_MspInit
                0x00000000080057c4       0x50 ./Core/Src/stm32f4xx_hal_msp.o
                0x00000000080057c4                HAL_MspInit
 .text.NMI_Handler
                0x0000000008005814        0x6 ./Core/Src/stm32f4xx_it.o
                0x0000000008005814                NMI_Handler
 .text.HardFault_Handler
                0x000000000800581a        0x6 ./Core/Src/stm32f4xx_it.o
                0x000000000800581a                HardFault_Handler
 .text.MemManage_Handler
                0x0000000008005820        0x6 ./Core/Src/stm32f4xx_it.o
                0x0000000008005820                MemManage_Handler
 .text.BusFault_Handler
                0x0000000008005826        0x6 ./Core/Src/stm32f4xx_it.o
                0x0000000008005826                BusFault_Handler
 .text.UsageFault_Handler
                0x000000000800582c        0x6 ./Core/Src/stm32f4xx_it.o
                0x000000000800582c                UsageFault_Handler
 .text.SVC_Handler
                0x0000000008005832        0xe ./Core/Src/stm32f4xx_it.o
                0x0000000008005832                SVC_Handler
 .text.DebugMon_Handler
                0x0000000008005840        0xe ./Core/Src/stm32f4xx_it.o
                0x0000000008005840                DebugMon_Handler
 .text.PendSV_Handler
                0x000000000800584e        0xe ./Core/Src/stm32f4xx_it.o
                0x000000000800584e                PendSV_Handler
 .text.SysTick_Handler
                0x000000000800585c       0x24 ./Core/Src/stm32f4xx_it.o
                0x000000000800585c                SysTick_Handler
 .text.EXTI1_IRQHandler
                0x0000000008005880        0xe ./Core/Src/stm32f4xx_it.o
                0x0000000008005880                EXTI1_IRQHandler
 .text.EXTI2_IRQHandler
                0x000000000800588e        0xe ./Core/Src/stm32f4xx_it.o
                0x000000000800588e                EXTI2_IRQHandler
 .text.EXTI3_IRQHandler
                0x000000000800589c        0xe ./Core/Src/stm32f4xx_it.o
                0x000000000800589c                EXTI3_IRQHandler
 .text.EXTI9_5_IRQHandler
                0x00000000080058aa       0x1e ./Core/Src/stm32f4xx_it.o
                0x00000000080058aa                EXTI9_5_IRQHandler
 .text.TIM1_UP_TIM10_IRQHandler
                0x00000000080058c8       0x1c ./Core/Src/stm32f4xx_it.o
                0x00000000080058c8                TIM1_UP_TIM10_IRQHandler
 .text.TIM1_TRG_COM_TIM11_IRQHandler
                0x00000000080058e4       0x1c ./Core/Src/stm32f4xx_it.o
                0x00000000080058e4                TIM1_TRG_COM_TIM11_IRQHandler
 .text.USART2_IRQHandler
                0x0000000008005900       0x14 ./Core/Src/stm32f4xx_it.o
                0x0000000008005900                USART2_IRQHandler
 .text.USART3_IRQHandler
                0x0000000008005914       0x14 ./Core/Src/stm32f4xx_it.o
                0x0000000008005914                USART3_IRQHandler
 .text.EXTI15_10_IRQHandler
                0x0000000008005928       0x20 ./Core/Src/stm32f4xx_it.o
                0x0000000008005928                EXTI15_10_IRQHandler
 .text.TIM8_UP_TIM13_IRQHandler
                0x0000000008005948       0x14 ./Core/Src/stm32f4xx_it.o
                0x0000000008005948                TIM8_UP_TIM13_IRQHandler
 .text.TIM6_DAC_IRQHandler
                0x000000000800595c       0x14 ./Core/Src/stm32f4xx_it.o
                0x000000000800595c                TIM6_DAC_IRQHandler
 .text.TIM7_IRQHandler
                0x0000000008005970       0x14 ./Core/Src/stm32f4xx_it.o
                0x0000000008005970                TIM7_IRQHandler
 .text.DMA2_Stream0_IRQHandler
                0x0000000008005984       0x14 ./Core/Src/stm32f4xx_it.o
                0x0000000008005984                DMA2_Stream0_IRQHandler
 .text._getpid  0x0000000008005998       0x10 ./Core/Src/syscalls.o
                0x0000000008005998                _getpid
 .text._kill    0x00000000080059a8       0x20 ./Core/Src/syscalls.o
                0x00000000080059a8                _kill
 .text._exit    0x00000000080059c8       0x14 ./Core/Src/syscalls.o
                0x00000000080059c8                _exit
 .text._read    0x00000000080059dc       0x3a ./Core/Src/syscalls.o
                0x00000000080059dc                _read
 .text._write   0x0000000008005a16       0x38 ./Core/Src/syscalls.o
                0x0000000008005a16                _write
 .text._close   0x0000000008005a4e       0x18 ./Core/Src/syscalls.o
                0x0000000008005a4e                _close
 .text._fstat   0x0000000008005a66       0x20 ./Core/Src/syscalls.o
                0x0000000008005a66                _fstat
 .text._isatty  0x0000000008005a86       0x16 ./Core/Src/syscalls.o
                0x0000000008005a86                _isatty
 .text._lseek   0x0000000008005a9c       0x1a ./Core/Src/syscalls.o
                0x0000000008005a9c                _lseek
 *fill*         0x0000000008005ab6        0x2 
 .text._sbrk    0x0000000008005ab8       0x6c ./Core/Src/sysmem.o
                0x0000000008005ab8                _sbrk
 .text.SystemInit
                0x0000000008005b24       0x24 ./Core/Src/system_stm32f4xx.o
                0x0000000008005b24                SystemInit
 .text.MX_TIM1_Init
                0x0000000008005b48       0xb0 ./Core/Src/tim.o
                0x0000000008005b48                MX_TIM1_Init
 .text.MX_TIM2_Init
                0x0000000008005bf8       0xa8 ./Core/Src/tim.o
                0x0000000008005bf8                MX_TIM2_Init
 .text.MX_TIM3_Init
                0x0000000008005ca0       0xa8 ./Core/Src/tim.o
                0x0000000008005ca0                MX_TIM3_Init
 .text.MX_TIM6_Init
                0x0000000008005d48       0x6c ./Core/Src/tim.o
                0x0000000008005d48                MX_TIM6_Init
 .text.MX_TIM7_Init
                0x0000000008005db4       0x68 ./Core/Src/tim.o
                0x0000000008005db4                MX_TIM7_Init
 .text.MX_TIM10_Init
                0x0000000008005e1c       0x98 ./Core/Src/tim.o
                0x0000000008005e1c                MX_TIM10_Init
 .text.MX_TIM11_Init
                0x0000000008005eb4       0x98 ./Core/Src/tim.o
                0x0000000008005eb4                MX_TIM11_Init
 .text.MX_TIM13_Init
                0x0000000008005f4c       0x98 ./Core/Src/tim.o
                0x0000000008005f4c                MX_TIM13_Init
 .text.HAL_TIM_Encoder_MspInit
                0x0000000008005fe4      0x1dc ./Core/Src/tim.o
                0x0000000008005fe4                HAL_TIM_Encoder_MspInit
 .text.HAL_TIM_Base_MspInit
                0x00000000080061c0      0x140 ./Core/Src/tim.o
                0x00000000080061c0                HAL_TIM_Base_MspInit
 .text.HAL_TIM_MspPostInit
                0x0000000008006300      0x114 ./Core/Src/tim.o
                0x0000000008006300                HAL_TIM_MspPostInit
 .text.MX_UART5_Init
                0x0000000008006414       0x54 ./Core/Src/usart.o
                0x0000000008006414                MX_UART5_Init
 .text.MX_USART2_UART_Init
                0x0000000008006468       0x54 ./Core/Src/usart.o
                0x0000000008006468                MX_USART2_UART_Init
 .text.MX_USART3_UART_Init
                0x00000000080064bc       0x54 ./Core/Src/usart.o
                0x00000000080064bc                MX_USART3_UART_Init
 .text.HAL_UART_MspInit
                0x0000000008006510      0x1c8 ./Core/Src/usart.o
                0x0000000008006510                HAL_UART_MspInit
 .text.Reset_Handler
                0x00000000080066d8       0x50 ./Core/Startup/startup_stm32f446retx.o
                0x00000000080066d8                Reset_Handler
 .text.Default_Handler
                0x0000000008006728        0x2 ./Core/Startup/startup_stm32f446retx.o
                0x0000000008006728                RTC_Alarm_IRQHandler
                0x0000000008006728                TIM8_CC_IRQHandler
                0x0000000008006728                FMPI2C1_EV_IRQHandler
                0x0000000008006728                SPI4_IRQHandler
                0x0000000008006728                TIM1_CC_IRQHandler
                0x0000000008006728                DMA2_Stream5_IRQHandler
                0x0000000008006728                DMA1_Stream5_IRQHandler
                0x0000000008006728                PVD_IRQHandler
                0x0000000008006728                SDIO_IRQHandler
                0x0000000008006728                TAMP_STAMP_IRQHandler
                0x0000000008006728                CAN2_RX1_IRQHandler
                0x0000000008006728                TIM8_TRG_COM_TIM14_IRQHandler
                0x0000000008006728                I2C3_ER_IRQHandler
                0x0000000008006728                EXTI0_IRQHandler
                0x0000000008006728                I2C2_EV_IRQHandler
                0x0000000008006728                DMA1_Stream2_IRQHandler
                0x0000000008006728                CAN1_RX0_IRQHandler
                0x0000000008006728                FPU_IRQHandler
                0x0000000008006728                OTG_HS_WKUP_IRQHandler
                0x0000000008006728                CAN2_SCE_IRQHandler
                0x0000000008006728                DMA2_Stream2_IRQHandler
                0x0000000008006728                SPI1_IRQHandler
                0x0000000008006728                TIM1_BRK_TIM9_IRQHandler
                0x0000000008006728                DCMI_IRQHandler
                0x0000000008006728                CAN2_RX0_IRQHandler
                0x0000000008006728                DMA2_Stream3_IRQHandler
                0x0000000008006728                SAI2_IRQHandler
                0x0000000008006728                USART6_IRQHandler
                0x0000000008006728                CAN1_RX1_IRQHandler
                0x0000000008006728                UART5_IRQHandler
                0x0000000008006728                TIM4_IRQHandler
                0x0000000008006728                QUADSPI_IRQHandler
                0x0000000008006728                I2C1_EV_IRQHandler
                0x0000000008006728                DMA1_Stream6_IRQHandler
                0x0000000008006728                DMA1_Stream1_IRQHandler
                0x0000000008006728                UART4_IRQHandler
                0x0000000008006728                TIM3_IRQHandler
                0x0000000008006728                RCC_IRQHandler
                0x0000000008006728                TIM8_BRK_TIM12_IRQHandler
                0x0000000008006728                Default_Handler
                0x0000000008006728                CEC_IRQHandler
                0x0000000008006728                ADC_IRQHandler
                0x0000000008006728                DMA1_Stream7_IRQHandler
                0x0000000008006728                CAN2_TX_IRQHandler
                0x0000000008006728                TIM5_IRQHandler
                0x0000000008006728                DMA2_Stream7_IRQHandler
                0x0000000008006728                I2C3_EV_IRQHandler
                0x0000000008006728                RTC_WKUP_IRQHandler
                0x0000000008006728                SPDIF_RX_IRQHandler
                0x0000000008006728                SPI2_IRQHandler
                0x0000000008006728                OTG_HS_EP1_IN_IRQHandler
                0x0000000008006728                DMA1_Stream0_IRQHandler
                0x0000000008006728                CAN1_TX_IRQHandler
                0x0000000008006728                FMPI2C1_ER_IRQHandler
                0x0000000008006728                EXTI4_IRQHandler
                0x0000000008006728                OTG_HS_EP1_OUT_IRQHandler
                0x0000000008006728                WWDG_IRQHandler
                0x0000000008006728                TIM2_IRQHandler
                0x0000000008006728                OTG_FS_WKUP_IRQHandler
                0x0000000008006728                OTG_HS_IRQHandler
                0x0000000008006728                I2C2_ER_IRQHandler
                0x0000000008006728                DMA2_Stream1_IRQHandler
                0x0000000008006728                CAN1_SCE_IRQHandler
                0x0000000008006728                FLASH_IRQHandler
                0x0000000008006728                DMA2_Stream4_IRQHandler
                0x0000000008006728                USART1_IRQHandler
                0x0000000008006728                OTG_FS_IRQHandler
                0x0000000008006728                SPI3_IRQHandler
                0x0000000008006728                DMA1_Stream4_IRQHandler
                0x0000000008006728                I2C1_ER_IRQHandler
                0x0000000008006728                FMC_IRQHandler
                0x0000000008006728                DMA2_Stream6_IRQHandler
                0x0000000008006728                SAI1_IRQHandler
                0x0000000008006728                DMA1_Stream3_IRQHandler
 *fill*         0x000000000800672a        0x2 
 .text.HAL_Init
                0x000000000800672c       0x44 ./Drivers/STM32F4xx_HAL_Driver/Src/stm32f4xx_hal.o
                0x000000000800672c                HAL_Init
 .text.HAL_InitTick
                0x0000000008006770       0x60 ./Drivers/STM32F4xx_HAL_Driver/Src/stm32f4xx_hal.o
                0x0000000008006770                HAL_InitTick
 .text.HAL_IncTick
                0x00000000080067d0       0x28 ./Drivers/STM32F4xx_HAL_Driver/Src/stm32f4xx_hal.o
                0x00000000080067d0                HAL_IncTick
 .text.HAL_GetTick
                0x00000000080067f8       0x18 ./Drivers/STM32F4xx_HAL_Driver/Src/stm32f4xx_hal.o
                0x00000000080067f8                HAL_GetTick
 .text.HAL_Delay
                0x0000000008006810       0x48 ./Drivers/STM32F4xx_HAL_Driver/Src/stm32f4xx_hal.o
                0x0000000008006810                HAL_Delay
 .text.HAL_ADC_Init
                0x0000000008006858       0x86 ./Drivers/STM32F4xx_HAL_Driver/Src/stm32f4xx_hal_adc.o
                0x0000000008006858                HAL_ADC_Init
 .text.HAL_ADC_Stop
                0x00000000080068de       0x66 ./Drivers/STM32F4xx_HAL_Driver/Src/stm32f4xx_hal_adc.o
                0x00000000080068de                HAL_ADC_Stop
 .text.HAL_ADC_Start_DMA
                0x0000000008006944      0x220 ./Drivers/STM32F4xx_HAL_Driver/Src/stm32f4xx_hal_adc.o
                0x0000000008006944                HAL_ADC_Start_DMA
 .text.HAL_ADC_Stop_DMA
                0x0000000008006b64       0xb4 ./Drivers/STM32F4xx_HAL_Driver/Src/stm32f4xx_hal_adc.o
                0x0000000008006b64                HAL_ADC_Stop_DMA
 .text.HAL_ADC_ConvCpltCallback
                0x0000000008006c18       0x14 ./Drivers/STM32F4xx_HAL_Driver/Src/stm32f4xx_hal_adc.o
                0x0000000008006c18                HAL_ADC_ConvCpltCallback
 .text.HAL_ADC_ConvHalfCpltCallback
                0x0000000008006c2c       0x14 ./Drivers/STM32F4xx_HAL_Driver/Src/stm32f4xx_hal_adc.o
                0x0000000008006c2c                HAL_ADC_ConvHalfCpltCallback
 .text.HAL_ADC_ErrorCallback
                0x0000000008006c40       0x14 ./Drivers/STM32F4xx_HAL_Driver/Src/stm32f4xx_hal_adc.o
                0x0000000008006c40                HAL_ADC_ErrorCallback
 .text.HAL_ADC_ConfigChannel
                0x0000000008006c54      0x264 ./Drivers/STM32F4xx_HAL_Driver/Src/stm32f4xx_hal_adc.o
                0x0000000008006c54                HAL_ADC_ConfigChannel
 .text.ADC_Init
                0x0000000008006eb8      0x1f8 ./Drivers/STM32F4xx_HAL_Driver/Src/stm32f4xx_hal_adc.o
 .text.ADC_DMAConvCplt
                0x00000000080070b0       0xba ./Drivers/STM32F4xx_HAL_Driver/Src/stm32f4xx_hal_adc.o
 .text.ADC_DMAHalfConvCplt
                0x000000000800716a       0x1c ./Drivers/STM32F4xx_HAL_Driver/Src/stm32f4xx_hal_adc.o
 .text.ADC_DMAError
                0x0000000008007186       0x2e ./Drivers/STM32F4xx_HAL_Driver/Src/stm32f4xx_hal_adc.o
 .text.__NVIC_SetPriorityGrouping
                0x00000000080071b4       0x48 ./Drivers/STM32F4xx_HAL_Driver/Src/stm32f4xx_hal_cortex.o
 .text.__NVIC_GetPriorityGrouping
                0x00000000080071fc       0x1c ./Drivers/STM32F4xx_HAL_Driver/Src/stm32f4xx_hal_cortex.o
 .text.__NVIC_EnableIRQ
                0x0000000008007218       0x3c ./Drivers/STM32F4xx_HAL_Driver/Src/stm32f4xx_hal_cortex.o
 .text.__NVIC_SetPriority
                0x0000000008007254       0x54 ./Drivers/STM32F4xx_HAL_Driver/Src/stm32f4xx_hal_cortex.o
 .text.NVIC_EncodePriority
                0x00000000080072a8       0x66 ./Drivers/STM32F4xx_HAL_Driver/Src/stm32f4xx_hal_cortex.o
 *fill*         0x000000000800730e        0x2 
 .text.SysTick_Config
                0x0000000008007310       0x44 ./Drivers/STM32F4xx_HAL_Driver/Src/stm32f4xx_hal_cortex.o
 .text.HAL_NVIC_SetPriorityGrouping
                0x0000000008007354       0x16 ./Drivers/STM32F4xx_HAL_Driver/Src/stm32f4xx_hal_cortex.o
                0x0000000008007354                HAL_NVIC_SetPriorityGrouping
 .text.HAL_NVIC_SetPriority
                0x000000000800736a       0x38 ./Drivers/STM32F4xx_HAL_Driver/Src/stm32f4xx_hal_cortex.o
                0x000000000800736a                HAL_NVIC_SetPriority
 .text.HAL_NVIC_EnableIRQ
                0x00000000080073a2       0x1c ./Drivers/STM32F4xx_HAL_Driver/Src/stm32f4xx_hal_cortex.o
                0x00000000080073a2                HAL_NVIC_EnableIRQ
 .text.HAL_SYSTICK_Config
                0x00000000080073be       0x18 ./Drivers/STM32F4xx_HAL_Driver/Src/stm32f4xx_hal_cortex.o
                0x00000000080073be                HAL_SYSTICK_Config
 *fill*         0x00000000080073d6        0x2 
 .text.HAL_DMA_Init
                0x00000000080073d8      0x15c ./Drivers/STM32F4xx_HAL_Driver/Src/stm32f4xx_hal_dma.o
                0x00000000080073d8                HAL_DMA_Init
 .text.HAL_DMA_Start_IT
                0x0000000008007534       0xb0 ./Drivers/STM32F4xx_HAL_Driver/Src/stm32f4xx_hal_dma.o
                0x0000000008007534                HAL_DMA_Start_IT
 .text.HAL_DMA_Abort
                0x00000000080075e4       0xe0 ./Drivers/STM32F4xx_HAL_Driver/Src/stm32f4xx_hal_dma.o
                0x00000000080075e4                HAL_DMA_Abort
 .text.HAL_DMA_Abort_IT
                0x00000000080076c4       0x44 ./Drivers/STM32F4xx_HAL_Driver/Src/stm32f4xx_hal_dma.o
                0x00000000080076c4                HAL_DMA_Abort_IT
 .text.HAL_DMA_IRQHandler
                0x0000000008007708      0x314 ./Drivers/STM32F4xx_HAL_Driver/Src/stm32f4xx_hal_dma.o
                0x0000000008007708                HAL_DMA_IRQHandler
 .text.DMA_SetConfig
                0x0000000008007a1c       0x5c ./Drivers/STM32F4xx_HAL_Driver/Src/stm32f4xx_hal_dma.o
 .text.DMA_CalcBaseAndBitshift
                0x0000000008007a78       0x6c ./Drivers/STM32F4xx_HAL_Driver/Src/stm32f4xx_hal_dma.o
 .text.DMA_CheckFifoParam
                0x0000000008007ae4       0xf8 ./Drivers/STM32F4xx_HAL_Driver/Src/stm32f4xx_hal_dma.o
 .text.HAL_GPIO_Init
                0x0000000008007bdc      0x328 ./Drivers/STM32F4xx_HAL_Driver/Src/stm32f4xx_hal_gpio.o
                0x0000000008007bdc                HAL_GPIO_Init
 .text.HAL_GPIO_ReadPin
                0x0000000008007f04       0x30 ./Drivers/STM32F4xx_HAL_Driver/Src/stm32f4xx_hal_gpio.o
                0x0000000008007f04                HAL_GPIO_ReadPin
 .text.HAL_GPIO_WritePin
                0x0000000008007f34       0x32 ./Drivers/STM32F4xx_HAL_Driver/Src/stm32f4xx_hal_gpio.o
                0x0000000008007f34                HAL_GPIO_WritePin
 *fill*         0x0000000008007f66        0x2 
 .text.HAL_GPIO_EXTI_IRQHandler
                0x0000000008007f68       0x30 ./Drivers/STM32F4xx_HAL_Driver/Src/stm32f4xx_hal_gpio.o
                0x0000000008007f68                HAL_GPIO_EXTI_IRQHandler
 .text.HAL_PWREx_EnableOverDrive
                0x0000000008007f98       0xa0 ./Drivers/STM32F4xx_HAL_Driver/Src/stm32f4xx_hal_pwr_ex.o
                0x0000000008007f98                HAL_PWREx_EnableOverDrive
 .text.HAL_RCC_ClockConfig
                0x0000000008008038      0x1cc ./Drivers/STM32F4xx_HAL_Driver/Src/stm32f4xx_hal_rcc.o
                0x0000000008008038                HAL_RCC_ClockConfig
 .text.HAL_RCC_GetHCLKFreq
                0x0000000008008204       0x18 ./Drivers/STM32F4xx_HAL_Driver/Src/stm32f4xx_hal_rcc.o
                0x0000000008008204                HAL_RCC_GetHCLKFreq
 .text.HAL_RCC_GetPCLK1Freq
                0x000000000800821c       0x28 ./Drivers/STM32F4xx_HAL_Driver/Src/stm32f4xx_hal_rcc.o
                0x000000000800821c                HAL_RCC_GetPCLK1Freq
 .text.HAL_RCC_GetPCLK2Freq
                0x0000000008008244       0x28 ./Drivers/STM32F4xx_HAL_Driver/Src/stm32f4xx_hal_rcc.o
                0x0000000008008244                HAL_RCC_GetPCLK2Freq
 .text.HAL_RCC_GetSysClockFreq
                0x000000000800826c      0x460 ./Drivers/STM32F4xx_HAL_Driver/Src/stm32f4xx_hal_rcc_ex.o
                0x000000000800826c                HAL_RCC_GetSysClockFreq
 .text.HAL_RCC_OscConfig
                0x00000000080086cc      0x53c ./Drivers/STM32F4xx_HAL_Driver/Src/stm32f4xx_hal_rcc_ex.o
                0x00000000080086cc                HAL_RCC_OscConfig
 .text.HAL_TIM_Base_Init
                0x0000000008008c08       0x9e ./Drivers/STM32F4xx_HAL_Driver/Src/stm32f4xx_hal_tim.o
                0x0000000008008c08                HAL_TIM_Base_Init
 *fill*         0x0000000008008ca6        0x2 
 .text.HAL_TIM_Base_Start_IT
                0x0000000008008ca8       0xe0 ./Drivers/STM32F4xx_HAL_Driver/Src/stm32f4xx_hal_tim.o
                0x0000000008008ca8                HAL_TIM_Base_Start_IT
 .text.HAL_TIM_Base_Stop_IT
                0x0000000008008d88       0x5e ./Drivers/STM32F4xx_HAL_Driver/Src/stm32f4xx_hal_tim.o
                0x0000000008008d88                HAL_TIM_Base_Stop_IT
 .text.HAL_TIM_PWM_Init
                0x0000000008008de6       0x9e ./Drivers/STM32F4xx_HAL_Driver/Src/stm32f4xx_hal_tim.o
                0x0000000008008de6                HAL_TIM_PWM_Init
 .text.HAL_TIM_PWM_MspInit
                0x0000000008008e84       0x14 ./Drivers/STM32F4xx_HAL_Driver/Src/stm32f4xx_hal_tim.o
                0x0000000008008e84                HAL_TIM_PWM_MspInit
 .text.HAL_TIM_PWM_Start_IT
                0x0000000008008e98      0x22c ./Drivers/STM32F4xx_HAL_Driver/Src/stm32f4xx_hal_tim.o
                0x0000000008008e98                HAL_TIM_PWM_Start_IT
 .text.HAL_TIM_PWM_Stop_IT
                0x00000000080090c4      0x17c ./Drivers/STM32F4xx_HAL_Driver/Src/stm32f4xx_hal_tim.o
                0x00000000080090c4                HAL_TIM_PWM_Stop_IT
 .text.HAL_TIM_Encoder_Init
                0x0000000008009240      0x14c ./Drivers/STM32F4xx_HAL_Driver/Src/stm32f4xx_hal_tim.o
                0x0000000008009240                HAL_TIM_Encoder_Init
 .text.HAL_TIM_Encoder_Start_IT
                0x000000000800938c      0x15c ./Drivers/STM32F4xx_HAL_Driver/Src/stm32f4xx_hal_tim.o
                0x000000000800938c                HAL_TIM_Encoder_Start_IT
 .text.HAL_TIM_IRQHandler
                0x00000000080094e8      0x210 ./Drivers/STM32F4xx_HAL_Driver/Src/stm32f4xx_hal_tim.o
                0x00000000080094e8                HAL_TIM_IRQHandler
 .text.HAL_TIM_PWM_ConfigChannel
                0x00000000080096f8      0x184 ./Drivers/STM32F4xx_HAL_Driver/Src/stm32f4xx_hal_tim.o
                0x00000000080096f8                HAL_TIM_PWM_ConfigChannel
 .text.HAL_TIM_OC_DelayElapsedCallback
                0x000000000800987c       0x14 ./Drivers/STM32F4xx_HAL_Driver/Src/stm32f4xx_hal_tim.o
                0x000000000800987c                HAL_TIM_OC_DelayElapsedCallback
 .text.HAL_TIM_IC_CaptureCallback
                0x0000000008009890       0x14 ./Drivers/STM32F4xx_HAL_Driver/Src/stm32f4xx_hal_tim.o
                0x0000000008009890                HAL_TIM_IC_CaptureCallback
 .text.HAL_TIM_TriggerCallback
                0x00000000080098a4       0x14 ./Drivers/STM32F4xx_HAL_Driver/Src/stm32f4xx_hal_tim.o
                0x00000000080098a4                HAL_TIM_TriggerCallback
 .text.TIM_Base_SetConfig
                0x00000000080098b8      0x140 ./Drivers/STM32F4xx_HAL_Driver/Src/stm32f4xx_hal_tim.o
                0x00000000080098b8                TIM_Base_SetConfig
 .text.TIM_OC1_SetConfig
                0x00000000080099f8       0xe0 ./Drivers/STM32F4xx_HAL_Driver/Src/stm32f4xx_hal_tim.o
 .text.TIM_OC2_SetConfig
                0x0000000008009ad8       0xec ./Drivers/STM32F4xx_HAL_Driver/Src/stm32f4xx_hal_tim.o
                0x0000000008009ad8                TIM_OC2_SetConfig
 .text.TIM_OC3_SetConfig
                0x0000000008009bc4       0xe8 ./Drivers/STM32F4xx_HAL_Driver/Src/stm32f4xx_hal_tim.o
 .text.TIM_OC4_SetConfig
                0x0000000008009cac       0xac ./Drivers/STM32F4xx_HAL_Driver/Src/stm32f4xx_hal_tim.o
 .text.TIM_CCxChannelCmd
                0x0000000008009d58       0x4a ./Drivers/STM32F4xx_HAL_Driver/Src/stm32f4xx_hal_tim.o
                0x0000000008009d58                TIM_CCxChannelCmd
 *fill*         0x0000000008009da2        0x2 
 .text.HAL_TIMEx_MasterConfigSynchronization
                0x0000000008009da4       0xf8 ./Drivers/STM32F4xx_HAL_Driver/Src/stm32f4xx_hal_tim_ex.o
                0x0000000008009da4                HAL_TIMEx_MasterConfigSynchronization
 .text.HAL_TIMEx_CommutCallback
                0x0000000008009e9c       0x14 ./Drivers/STM32F4xx_HAL_Driver/Src/stm32f4xx_hal_tim_ex.o
                0x0000000008009e9c                HAL_TIMEx_CommutCallback
 .text.HAL_TIMEx_BreakCallback
                0x0000000008009eb0       0x14 ./Drivers/STM32F4xx_HAL_Driver/Src/stm32f4xx_hal_tim_ex.o
                0x0000000008009eb0                HAL_TIMEx_BreakCallback
 .text.HAL_UART_Init
                0x0000000008009ec4       0x9a ./Drivers/STM32F4xx_HAL_Driver/Src/stm32f4xx_hal_uart.o
                0x0000000008009ec4                HAL_UART_Init
 .text.HAL_HalfDuplex_Init
                0x0000000008009f5e       0xaa ./Drivers/STM32F4xx_HAL_Driver/Src/stm32f4xx_hal_uart.o
                0x0000000008009f5e                HAL_HalfDuplex_Init
 .text.HAL_UART_IRQHandler
                0x000000000800a008      0x51c ./Drivers/STM32F4xx_HAL_Driver/Src/stm32f4xx_hal_uart.o
                0x000000000800a008                HAL_UART_IRQHandler
 .text.HAL_UART_TxCpltCallback
                0x000000000800a524       0x14 ./Drivers/STM32F4xx_HAL_Driver/Src/stm32f4xx_hal_uart.o
                0x000000000800a524                HAL_UART_TxCpltCallback
 .text.HAL_UART_RxCpltCallback
                0x000000000800a538       0x14 ./Drivers/STM32F4xx_HAL_Driver/Src/stm32f4xx_hal_uart.o
                0x000000000800a538                HAL_UART_RxCpltCallback
 .text.HAL_UART_ErrorCallback
                0x000000000800a54c       0x14 ./Drivers/STM32F4xx_HAL_Driver/Src/stm32f4xx_hal_uart.o
                0x000000000800a54c                HAL_UART_ErrorCallback
 .text.HAL_UARTEx_RxEventCallback
                0x000000000800a560       0x18 ./Drivers/STM32F4xx_HAL_Driver/Src/stm32f4xx_hal_uart.o
                0x000000000800a560                HAL_UARTEx_RxEventCallback
 .text.UART_EndRxTransfer
                0x000000000800a578       0xc6 ./Drivers/STM32F4xx_HAL_Driver/Src/stm32f4xx_hal_uart.o
 .text.UART_DMAAbortOnError
                0x000000000800a63e       0x28 ./Drivers/STM32F4xx_HAL_Driver/Src/stm32f4xx_hal_uart.o
 .text.UART_Transmit_IT
                0x000000000800a666       0xa0 ./Drivers/STM32F4xx_HAL_Driver/Src/stm32f4xx_hal_uart.o
 .text.UART_EndTransmit_IT
                0x000000000800a706       0x30 ./Drivers/STM32F4xx_HAL_Driver/Src/stm32f4xx_hal_uart.o
 .text.UART_Receive_IT
                0x000000000800a736      0x176 ./Drivers/STM32F4xx_HAL_Driver/Src/stm32f4xx_hal_uart.o
 .text.UART_SetConfig
                0x000000000800a8ac      0x4e8 ./Drivers/STM32F4xx_HAL_Driver/Src/stm32f4xx_hal_uart.o
 .text._ZNSaIcEC2Ev
                0x000000000800ad94        0x2 c:/st/stm32cubeide_1.11.2/stm32cubeide/plugins/com.st.stm32cube.ide.mcu.externaltools.gnu-tools-for-stm32.10.3-2021.10.win32_1.0.200.202301161003/tools/bin/../lib/gcc/arm-none-eabi/10.3.1/../../../../arm-none-eabi/lib/thumb/v7e-m+fp/hard\libstdc++_nano.a(allocator-inst.o)
                0x000000000800ad94                std::allocator<char>::allocator()
                0x000000000800ad94                std::allocator<char>::allocator()
 .text._ZNSaIcED2Ev
                0x000000000800ad96        0x2 c:/st/stm32cubeide_1.11.2/stm32cubeide/plugins/com.st.stm32cube.ide.mcu.externaltools.gnu-tools-for-stm32.10.3-2021.10.win32_1.0.200.202301161003/tools/bin/../lib/gcc/arm-none-eabi/10.3.1/../../../../arm-none-eabi/lib/thumb/v7e-m+fp/hard\libstdc++_nano.a(allocator-inst.o)
                0x000000000800ad96                std::allocator<char>::~allocator()
                0x000000000800ad96                std::allocator<char>::~allocator()
 .text.unlikely._ZSt17__throw_bad_allocv
                0x000000000800ad98        0x6 c:/st/stm32cubeide_1.11.2/stm32cubeide/plugins/com.st.stm32cube.ide.mcu.externaltools.gnu-tools-for-stm32.10.3-2021.10.win32_1.0.200.202301161003/tools/bin/../lib/gcc/arm-none-eabi/10.3.1/../../../../arm-none-eabi/lib/thumb/v7e-m+fp/hard\libstdc++_nano.a(functexcept.o)
                0x000000000800ad98                std::__throw_bad_alloc()
 .text.unlikely._ZSt19__throw_logic_errorPKc
                0x000000000800ad9e        0x6 c:/st/stm32cubeide_1.11.2/stm32cubeide/plugins/com.st.stm32cube.ide.mcu.externaltools.gnu-tools-for-stm32.10.3-2021.10.win32_1.0.200.202301161003/tools/bin/../lib/gcc/arm-none-eabi/10.3.1/../../../../arm-none-eabi/lib/thumb/v7e-m+fp/hard\libstdc++_nano.a(functexcept.o)
                0x000000000800ad9e                std::__throw_logic_error(char const*)
 .text.unlikely._ZSt24__throw_invalid_argumentPKc
                0x000000000800ada4        0x6 c:/st/stm32cubeide_1.11.2/stm32cubeide/plugins/com.st.stm32cube.ide.mcu.externaltools.gnu-tools-for-stm32.10.3-2021.10.win32_1.0.200.202301161003/tools/bin/../lib/gcc/arm-none-eabi/10.3.1/../../../../arm-none-eabi/lib/thumb/v7e-m+fp/hard\libstdc++_nano.a(functexcept.o)
                0x000000000800ada4                std::__throw_invalid_argument(char const*)
 .text.unlikely._ZSt20__throw_length_errorPKc
                0x000000000800adaa        0x6 c:/st/stm32cubeide_1.11.2/stm32cubeide/plugins/com.st.stm32cube.ide.mcu.externaltools.gnu-tools-for-stm32.10.3-2021.10.win32_1.0.200.202301161003/tools/bin/../lib/gcc/arm-none-eabi/10.3.1/../../../../arm-none-eabi/lib/thumb/v7e-m+fp/hard\libstdc++_nano.a(functexcept.o)
                0x000000000800adaa                std::__throw_length_error(char const*)
 .text.unlikely._ZSt20__throw_out_of_rangePKc
                0x000000000800adb0        0x6 c:/st/stm32cubeide_1.11.2/stm32cubeide/plugins/com.st.stm32cube.ide.mcu.externaltools.gnu-tools-for-stm32.10.3-2021.10.win32_1.0.200.202301161003/tools/bin/../lib/gcc/arm-none-eabi/10.3.1/../../../../arm-none-eabi/lib/thumb/v7e-m+fp/hard\libstdc++_nano.a(functexcept.o)
                0x000000000800adb0                std::__throw_out_of_range(char const*)
 .text._ZSt24__throw_out_of_range_fmtPKcz
                0x000000000800adb6       0x38 c:/st/stm32cubeide_1.11.2/stm32cubeide/plugins/com.st.stm32cube.ide.mcu.externaltools.gnu-tools-for-stm32.10.3-2021.10.win32_1.0.200.202301161003/tools/bin/../lib/gcc/arm-none-eabi/10.3.1/../../../../arm-none-eabi/lib/thumb/v7e-m+fp/hard\libstdc++_nano.a(functexcept.o)
                0x000000000800adb6                std::__throw_out_of_range_fmt(char const*, ...)
 *fill*         0x000000000800adee        0x2 
 .text._ZN9__gnu_cxx26__throw_insufficient_spaceEPKcS1_
                0x000000000800adf0       0x4c c:/st/stm32cubeide_1.11.2/stm32cubeide/plugins/com.st.stm32cube.ide.mcu.externaltools.gnu-tools-for-stm32.10.3-2021.10.win32_1.0.200.202301161003/tools/bin/../lib/gcc/arm-none-eabi/10.3.1/../../../../arm-none-eabi/lib/thumb/v7e-m+fp/hard\libstdc++_nano.a(snprintf_lite.o)
                0x000000000800adf0                __gnu_cxx::__throw_insufficient_space(char const*, char const*)
 .text._ZN9__gnu_cxx15__concat_size_tEPcjj
                0x000000000800ae3c       0x58 c:/st/stm32cubeide_1.11.2/stm32cubeide/plugins/com.st.stm32cube.ide.mcu.externaltools.gnu-tools-for-stm32.10.3-2021.10.win32_1.0.200.202301161003/tools/bin/../lib/gcc/arm-none-eabi/10.3.1/../../../../arm-none-eabi/lib/thumb/v7e-m+fp/hard\libstdc++_nano.a(snprintf_lite.o)
                0x000000000800ae3c                __gnu_cxx::__concat_size_t(char*, unsigned int, unsigned int)
 .text._ZN9__gnu_cxx15__snprintf_liteEPcjPKcSt9__va_list
                0x000000000800ae94       0x82 c:/st/stm32cubeide_1.11.2/stm32cubeide/plugins/com.st.stm32cube.ide.mcu.externaltools.gnu-tools-for-stm32.10.3-2021.10.win32_1.0.200.202301161003/tools/bin/../lib/gcc/arm-none-eabi/10.3.1/../../../../arm-none-eabi/lib/thumb/v7e-m+fp/hard\libstdc++_nano.a(snprintf_lite.o)
                0x000000000800ae94                __gnu_cxx::__snprintf_lite(char*, unsigned int, char const*, std::__va_list)
 .text._ZNSt11char_traitsIcE4copyEPcPKcj.isra.0
                0x000000000800af16        0x8 c:/st/stm32cubeide_1.11.2/stm32cubeide/plugins/com.st.stm32cube.ide.mcu.externaltools.gnu-tools-for-stm32.10.3-2021.10.win32_1.0.200.202301161003/tools/bin/../lib/gcc/arm-none-eabi/10.3.1/../../../../arm-none-eabi/lib/thumb/v7e-m+fp/hard\libstdc++_nano.a(string-inst.o)
 .text._ZNSt11char_traitsIcE7compareEPKcS2_j
                0x000000000800af1e        0xa c:/st/stm32cubeide_1.11.2/stm32cubeide/plugins/com.st.stm32cube.ide.mcu.externaltools.gnu-tools-for-stm32.10.3-2021.10.win32_1.0.200.202301161003/tools/bin/../lib/gcc/arm-none-eabi/10.3.1/../../../../arm-none-eabi/lib/thumb/v7e-m+fp/hard\libstdc++_nano.a(string-inst.o)
                0x000000000800af1e                std::char_traits<char>::compare(char const*, char const*, unsigned int)
 .text._ZNSt11char_traitsIcE4findEPKcjRS1_
                0x000000000800af28       0x10 c:/st/stm32cubeide_1.11.2/stm32cubeide/plugins/com.st.stm32cube.ide.mcu.externaltools.gnu-tools-for-stm32.10.3-2021.10.win32_1.0.200.202301161003/tools/bin/../lib/gcc/arm-none-eabi/10.3.1/../../../../arm-none-eabi/lib/thumb/v7e-m+fp/hard\libstdc++_nano.a(string-inst.o)
                0x000000000800af28                std::char_traits<char>::find(char const*, unsigned int, char const&)
 .text._ZNSt7__cxx1112basic_stringIcSt11char_traitsIcESaIcEE9_M_createERjj
                0x000000000800af38       0x44 c:/st/stm32cubeide_1.11.2/stm32cubeide/plugins/com.st.stm32cube.ide.mcu.externaltools.gnu-tools-for-stm32.10.3-2021.10.win32_1.0.200.202301161003/tools/bin/../lib/gcc/arm-none-eabi/10.3.1/../../../../arm-none-eabi/lib/thumb/v7e-m+fp/hard\libstdc++_nano.a(string-inst.o)
                0x000000000800af38                std::__cxx11::basic_string<char, std::char_traits<char>, std::allocator<char> >::_M_create(unsigned int&, unsigned int)
 .text._ZNSt7__cxx1112basic_stringIcSt11char_traitsIcESaIcEE10_M_disposeEv
                0x000000000800af7c       0x10 c:/st/stm32cubeide_1.11.2/stm32cubeide/plugins/com.st.stm32cube.ide.mcu.externaltools.gnu-tools-for-stm32.10.3-2021.10.win32_1.0.200.202301161003/tools/bin/../lib/gcc/arm-none-eabi/10.3.1/../../../../arm-none-eabi/lib/thumb/v7e-m+fp/hard\libstdc++_nano.a(string-inst.o)
                0x000000000800af7c                std::__cxx11::basic_string<char, std::char_traits<char>, std::allocator<char> >::_M_dispose()
 .text._ZNKSt7__cxx1112basic_stringIcSt11char_traitsIcESaIcEE8_M_checkEjPKc
                0x000000000800af8c       0x1c c:/st/stm32cubeide_1.11.2/stm32cubeide/plugins/com.st.stm32cube.ide.mcu.externaltools.gnu-tools-for-stm32.10.3-2021.10.win32_1.0.200.202301161003/tools/bin/../lib/gcc/arm-none-eabi/10.3.1/../../../../arm-none-eabi/lib/thumb/v7e-m+fp/hard\libstdc++_nano.a(string-inst.o)
                0x000000000800af8c                std::__cxx11::basic_string<char, std::char_traits<char>, std::allocator<char> >::_M_check(unsigned int, char const*) const
 .text._ZNKSt7__cxx1112basic_stringIcSt11char_traitsIcESaIcEE15_M_check_lengthEjjPKc
                0x000000000800afa8       0x18 c:/st/stm32cubeide_1.11.2/stm32cubeide/plugins/com.st.stm32cube.ide.mcu.externaltools.gnu-tools-for-stm32.10.3-2021.10.win32_1.0.200.202301161003/tools/bin/../lib/gcc/arm-none-eabi/10.3.1/../../../../arm-none-eabi/lib/thumb/v7e-m+fp/hard\libstdc++_nano.a(string-inst.o)
                0x000000000800afa8                std::__cxx11::basic_string<char, std::char_traits<char>, std::allocator<char> >::_M_check_length(unsigned int, unsigned int, char const*) const
 .text._ZNSt7__cxx1112basic_stringIcSt11char_traitsIcESaIcEE7_S_copyEPcPKcj
                0x000000000800afc0       0x18 c:/st/stm32cubeide_1.11.2/stm32cubeide/plugins/com.st.stm32cube.ide.mcu.externaltools.gnu-tools-for-stm32.10.3-2021.10.win32_1.0.200.202301161003/tools/bin/../lib/gcc/arm-none-eabi/10.3.1/../../../../arm-none-eabi/lib/thumb/v7e-m+fp/hard\libstdc++_nano.a(string-inst.o)
                0x000000000800afc0                std::__cxx11::basic_string<char, std::char_traits<char>, std::allocator<char> >::_S_copy(char*, char const*, unsigned int)
 .text._ZNSt7__cxx1112basic_stringIcSt11char_traitsIcESaIcEE7_S_moveEPcPKcj
                0x000000000800afd8       0x18 c:/st/stm32cubeide_1.11.2/stm32cubeide/plugins/com.st.stm32cube.ide.mcu.externaltools.gnu-tools-for-stm32.10.3-2021.10.win32_1.0.200.202301161003/tools/bin/../lib/gcc/arm-none-eabi/10.3.1/../../../../arm-none-eabi/lib/thumb/v7e-m+fp/hard\libstdc++_nano.a(string-inst.o)
                0x000000000800afd8                std::__cxx11::basic_string<char, std::char_traits<char>, std::allocator<char> >::_S_move(char*, char const*, unsigned int)
 .text._ZNSt7__cxx1112basic_stringIcSt11char_traitsIcESaIcEE9_S_assignEPcjc
                0x000000000800aff0       0x22 c:/st/stm32cubeide_1.11.2/stm32cubeide/plugins/com.st.stm32cube.ide.mcu.externaltools.gnu-tools-for-stm32.10.3-2021.10.win32_1.0.200.202301161003/tools/bin/../lib/gcc/arm-none-eabi/10.3.1/../../../../arm-none-eabi/lib/thumb/v7e-m+fp/hard\libstdc++_nano.a(string-inst.o)
                0x000000000800aff0                std::__cxx11::basic_string<char, std::char_traits<char>, std::allocator<char> >::_S_assign(char*, unsigned int, char)
 .text._ZNSt7__cxx1112basic_stringIcSt11char_traitsIcESaIcEE12_M_constructEjc
                0x000000000800b012       0x34 c:/st/stm32cubeide_1.11.2/stm32cubeide/plugins/com.st.stm32cube.ide.mcu.externaltools.gnu-tools-for-stm32.10.3-2021.10.win32_1.0.200.202301161003/tools/bin/../lib/gcc/arm-none-eabi/10.3.1/../../../../arm-none-eabi/lib/thumb/v7e-m+fp/hard\libstdc++_nano.a(string-inst.o)
                0x000000000800b012                std::__cxx11::basic_string<char, std::char_traits<char>, std::allocator<char> >::_M_construct(unsigned int, char)
 .text._ZNSt7__cxx1112basic_stringIcSt11char_traitsIcESaIcEE13_S_copy_charsEPcS5_S5_
                0x000000000800b046        0xa c:/st/stm32cubeide_1.11.2/stm32cubeide/plugins/com.st.stm32cube.ide.mcu.externaltools.gnu-tools-for-stm32.10.3-2021.10.win32_1.0.200.202301161003/tools/bin/../lib/gcc/arm-none-eabi/10.3.1/../../../../arm-none-eabi/lib/thumb/v7e-m+fp/hard\libstdc++_nano.a(string-inst.o)
                0x000000000800b046                std::__cxx11::basic_string<char, std::char_traits<char>, std::allocator<char> >::_S_copy_chars(char*, char*, char*)
 .text._ZNSt7__cxx1112basic_stringIcSt11char_traitsIcESaIcEE13_S_copy_charsEPcPKcS7_
                0x000000000800b050        0xa c:/st/stm32cubeide_1.11.2/stm32cubeide/plugins/com.st.stm32cube.ide.mcu.externaltools.gnu-tools-for-stm32.10.3-2021.10.win32_1.0.200.202301161003/tools/bin/../lib/gcc/arm-none-eabi/10.3.1/../../../../arm-none-eabi/lib/thumb/v7e-m+fp/hard\libstdc++_nano.a(string-inst.o)
                0x000000000800b050                std::__cxx11::basic_string<char, std::char_traits<char>, std::allocator<char> >::_S_copy_chars(char*, char const*, char const*)
 .text._ZNSt7__cxx1112basic_stringIcSt11char_traitsIcESaIcEE9_M_mutateEjjPKcj
                0x000000000800b05a       0x78 c:/st/stm32cubeide_1.11.2/stm32cubeide/plugins/com.st.stm32cube.ide.mcu.externaltools.gnu-tools-for-stm32.10.3-2021.10.win32_1.0.200.202301161003/tools/bin/../lib/gcc/arm-none-eabi/10.3.1/../../../../arm-none-eabi/lib/thumb/v7e-m+fp/hard\libstdc++_nano.a(string-inst.o)
                0x000000000800b05a                std::__cxx11::basic_string<char, std::char_traits<char>, std::allocator<char> >::_M_mutate(unsigned int, unsigned int, char const*, unsigned int)
 .text._ZNSt7__cxx1112basic_stringIcSt11char_traitsIcESaIcEE8_M_eraseEjj
                0x000000000800b0d2       0x2a c:/st/stm32cubeide_1.11.2/stm32cubeide/plugins/com.st.stm32cube.ide.mcu.externaltools.gnu-tools-for-stm32.10.3-2021.10.win32_1.0.200.202301161003/tools/bin/../lib/gcc/arm-none-eabi/10.3.1/../../../../arm-none-eabi/lib/thumb/v7e-m+fp/hard\libstdc++_nano.a(string-inst.o)
                0x000000000800b0d2                std::__cxx11::basic_string<char, std::char_traits<char>, std::allocator<char> >::_M_erase(unsigned int, unsigned int)
 .text._ZNSt7__cxx1112basic_stringIcSt11char_traitsIcESaIcEEC2Ev
                0x000000000800b0fc        0xe c:/st/stm32cubeide_1.11.2/stm32cubeide/plugins/com.st.stm32cube.ide.mcu.externaltools.gnu-tools-for-stm32.10.3-2021.10.win32_1.0.200.202301161003/tools/bin/../lib/gcc/arm-none-eabi/10.3.1/../../../../arm-none-eabi/lib/thumb/v7e-m+fp/hard\libstdc++_nano.a(string-inst.o)
                0x000000000800b0fc                std::__cxx11::basic_string<char, std::char_traits<char>, std::allocator<char> >::basic_string()
                0x000000000800b0fc                std::__cxx11::basic_string<char, std::char_traits<char>, std::allocator<char> >::basic_string()
 .text._ZNSt7__cxx1112basic_stringIcSt11char_traitsIcESaIcEEC2EjcRKS3_
                0x000000000800b10a       0x12 c:/st/stm32cubeide_1.11.2/stm32cubeide/plugins/com.st.stm32cube.ide.mcu.externaltools.gnu-tools-for-stm32.10.3-2021.10.win32_1.0.200.202301161003/tools/bin/../lib/gcc/arm-none-eabi/10.3.1/../../../../arm-none-eabi/lib/thumb/v7e-m+fp/hard\libstdc++_nano.a(string-inst.o)
                0x000000000800b10a                std::__cxx11::basic_string<char, std::char_traits<char>, std::allocator<char> >::basic_string(unsigned int, char, std::allocator<char> const&)
                0x000000000800b10a                std::__cxx11::basic_string<char, std::char_traits<char>, std::allocator<char> >::basic_string(unsigned int, char, std::allocator<char> const&)
 .text._ZNSt7__cxx1112basic_stringIcSt11char_traitsIcESaIcEED2Ev
                0x000000000800b11c        0xc c:/st/stm32cubeide_1.11.2/stm32cubeide/plugins/com.st.stm32cube.ide.mcu.externaltools.gnu-tools-for-stm32.10.3-2021.10.win32_1.0.200.202301161003/tools/bin/../lib/gcc/arm-none-eabi/10.3.1/../../../../arm-none-eabi/lib/thumb/v7e-m+fp/hard\libstdc++_nano.a(string-inst.o)
                0x000000000800b11c                std::__cxx11::basic_string<char, std::char_traits<char>, std::allocator<char> >::~basic_string()
                0x000000000800b11c                std::__cxx11::basic_string<char, std::char_traits<char>, std::allocator<char> >::~basic_string()
 .text._ZNSt7__cxx1112basic_stringIcSt11char_traitsIcESaIcEEaSEOS4_
                0x000000000800b128       0x50 c:/st/stm32cubeide_1.11.2/stm32cubeide/plugins/com.st.stm32cube.ide.mcu.externaltools.gnu-tools-for-stm32.10.3-2021.10.win32_1.0.200.202301161003/tools/bin/../lib/gcc/arm-none-eabi/10.3.1/../../../../arm-none-eabi/lib/thumb/v7e-m+fp/hard\libstdc++_nano.a(string-inst.o)
                0x000000000800b128                std::__cxx11::basic_string<char, std::char_traits<char>, std::allocator<char> >::operator=(std::__cxx11::basic_string<char, std::char_traits<char>, std::allocator<char> >&&)
 .text._ZNSt7__cxx1112basic_stringIcSt11char_traitsIcESaIcEE5beginEv
                0x000000000800b178        0x4 c:/st/stm32cubeide_1.11.2/stm32cubeide/plugins/com.st.stm32cube.ide.mcu.externaltools.gnu-tools-for-stm32.10.3-2021.10.win32_1.0.200.202301161003/tools/bin/../lib/gcc/arm-none-eabi/10.3.1/../../../../arm-none-eabi/lib/thumb/v7e-m+fp/hard\libstdc++_nano.a(string-inst.o)
                0x000000000800b178                std::__cxx11::basic_string<char, std::char_traits<char>, std::allocator<char> >::begin()
 .text._ZNKSt7__cxx1112basic_stringIcSt11char_traitsIcESaIcEE4sizeEv
                0x000000000800b17c        0x4 c:/st/stm32cubeide_1.11.2/stm32cubeide/plugins/com.st.stm32cube.ide.mcu.externaltools.gnu-tools-for-stm32.10.3-2021.10.win32_1.0.200.202301161003/tools/bin/../lib/gcc/arm-none-eabi/10.3.1/../../../../arm-none-eabi/lib/thumb/v7e-m+fp/hard\libstdc++_nano.a(string-inst.o)
                0x000000000800b17c                std::__cxx11::basic_string<char, std::char_traits<char>, std::allocator<char> >::size() const
 .text._ZNKSt7__cxx1112basic_stringIcSt11char_traitsIcESaIcEE6lengthEv
                0x000000000800b180        0x4 c:/st/stm32cubeide_1.11.2/stm32cubeide/plugins/com.st.stm32cube.ide.mcu.externaltools.gnu-tools-for-stm32.10.3-2021.10.win32_1.0.200.202301161003/tools/bin/../lib/gcc/arm-none-eabi/10.3.1/../../../../arm-none-eabi/lib/thumb/v7e-m+fp/hard\libstdc++_nano.a(string-inst.o)
                0x000000000800b180                std::__cxx11::basic_string<char, std::char_traits<char>, std::allocator<char> >::length() const
 .text._ZNSt7__cxx1112basic_stringIcSt11char_traitsIcESaIcEEixEj
                0x000000000800b184        0x6 c:/st/stm32cubeide_1.11.2/stm32cubeide/plugins/com.st.stm32cube.ide.mcu.externaltools.gnu-tools-for-stm32.10.3-2021.10.win32_1.0.200.202301161003/tools/bin/../lib/gcc/arm-none-eabi/10.3.1/../../../../arm-none-eabi/lib/thumb/v7e-m+fp/hard\libstdc++_nano.a(string-inst.o)
                0x000000000800b184                std::__cxx11::basic_string<char, std::char_traits<char>, std::allocator<char> >::operator[](unsigned int)
 .text._ZNSt7__cxx1112basic_stringIcSt11char_traitsIcESaIcEE9push_backEc
                0x000000000800b18a       0x3e c:/st/stm32cubeide_1.11.2/stm32cubeide/plugins/com.st.stm32cube.ide.mcu.externaltools.gnu-tools-for-stm32.10.3-2021.10.win32_1.0.200.202301161003/tools/bin/../lib/gcc/arm-none-eabi/10.3.1/../../../../arm-none-eabi/lib/thumb/v7e-m+fp/hard\libstdc++_nano.a(string-inst.o)
                0x000000000800b18a                std::__cxx11::basic_string<char, std::char_traits<char>, std::allocator<char> >::push_back(char)
 .text._ZNSt7__cxx1112basic_stringIcSt11char_traitsIcESaIcEEpLEc
                0x000000000800b1c8        0xc c:/st/stm32cubeide_1.11.2/stm32cubeide/plugins/com.st.stm32cube.ide.mcu.externaltools.gnu-tools-for-stm32.10.3-2021.10.win32_1.0.200.202301161003/tools/bin/../lib/gcc/arm-none-eabi/10.3.1/../../../../arm-none-eabi/lib/thumb/v7e-m+fp/hard\libstdc++_nano.a(string-inst.o)
                0x000000000800b1c8                std::__cxx11::basic_string<char, std::char_traits<char>, std::allocator<char> >::operator+=(char)
 .text._ZNSt7__cxx1112basic_stringIcSt11char_traitsIcESaIcEE5eraseEjj
                0x000000000800b1d4       0x3c c:/st/stm32cubeide_1.11.2/stm32cubeide/plugins/com.st.stm32cube.ide.mcu.externaltools.gnu-tools-for-stm32.10.3-2021.10.win32_1.0.200.202301161003/tools/bin/../lib/gcc/arm-none-eabi/10.3.1/../../../../arm-none-eabi/lib/thumb/v7e-m+fp/hard\libstdc++_nano.a(string-inst.o)
                0x000000000800b1d4                std::__cxx11::basic_string<char, std::char_traits<char>, std::allocator<char> >::erase(unsigned int, unsigned int)
 .text._ZNSt7__cxx1112basic_stringIcSt11char_traitsIcESaIcEE5eraseEN9__gnu_cxx17__normal_iteratorIPKcS4_EES9_
                0x000000000800b210       0x26 c:/st/stm32cubeide_1.11.2/stm32cubeide/plugins/com.st.stm32cube.ide.mcu.externaltools.gnu-tools-for-stm32.10.3-2021.10.win32_1.0.200.202301161003/tools/bin/../lib/gcc/arm-none-eabi/10.3.1/../../../../arm-none-eabi/lib/thumb/v7e-m+fp/hard\libstdc++_nano.a(string-inst.o)
                0x000000000800b210                std::__cxx11::basic_string<char, std::char_traits<char>, std::allocator<char> >::erase(__gnu_cxx::__normal_iterator<char const*, std::__cxx11::basic_string<char, std::char_traits<char>, std::allocator<char> > >, __gnu_cxx::__normal_iterator<char const*, std::__cxx11::basic_string<char, std::char_traits<char>, std::allocator<char> > >)
 .text._ZNSt7__cxx1112basic_stringIcSt11char_traitsIcESaIcEE9_M_appendEPKcj
                0x000000000800b236       0x44 c:/st/stm32cubeide_1.11.2/stm32cubeide/plugins/com.st.stm32cube.ide.mcu.externaltools.gnu-tools-for-stm32.10.3-2021.10.win32_1.0.200.202301161003/tools/bin/../lib/gcc/arm-none-eabi/10.3.1/../../../../arm-none-eabi/lib/thumb/v7e-m+fp/hard\libstdc++_nano.a(string-inst.o)
                0x000000000800b236                std::__cxx11::basic_string<char, std::char_traits<char>, std::allocator<char> >::_M_append(char const*, unsigned int)
 .text._ZNSt7__cxx1112basic_stringIcSt11char_traitsIcESaIcEE6appendERKS4_
                0x000000000800b27a        0xc c:/st/stm32cubeide_1.11.2/stm32cubeide/plugins/com.st.stm32cube.ide.mcu.externaltools.gnu-tools-for-stm32.10.3-2021.10.win32_1.0.200.202301161003/tools/bin/../lib/gcc/arm-none-eabi/10.3.1/../../../../arm-none-eabi/lib/thumb/v7e-m+fp/hard\libstdc++_nano.a(string-inst.o)
                0x000000000800b27a                std::__cxx11::basic_string<char, std::char_traits<char>, std::allocator<char> >::append(std::__cxx11::basic_string<char, std::char_traits<char>, std::allocator<char> > const&)
 .text._ZNSt7__cxx1112basic_stringIcSt11char_traitsIcESaIcEEpLERKS4_
                0x000000000800b286        0x8 c:/st/stm32cubeide_1.11.2/stm32cubeide/plugins/com.st.stm32cube.ide.mcu.externaltools.gnu-tools-for-stm32.10.3-2021.10.win32_1.0.200.202301161003/tools/bin/../lib/gcc/arm-none-eabi/10.3.1/../../../../arm-none-eabi/lib/thumb/v7e-m+fp/hard\libstdc++_nano.a(string-inst.o)
                0x000000000800b286                std::__cxx11::basic_string<char, std::char_traits<char>, std::allocator<char> >::operator+=(std::__cxx11::basic_string<char, std::char_traits<char>, std::allocator<char> > const&)
 *fill*         0x000000000800b28e        0x2 
 .text._ZNSt7__cxx1112basic_stringIcSt11char_traitsIcESaIcEE6appendEPKc
                0x000000000800b290       0x2c c:/st/stm32cubeide_1.11.2/stm32cubeide/plugins/com.st.stm32cube.ide.mcu.externaltools.gnu-tools-for-stm32.10.3-2021.10.win32_1.0.200.202301161003/tools/bin/../lib/gcc/arm-none-eabi/10.3.1/../../../../arm-none-eabi/lib/thumb/v7e-m+fp/hard\libstdc++_nano.a(string-inst.o)
                0x000000000800b290                std::__cxx11::basic_string<char, std::char_traits<char>, std::allocator<char> >::append(char const*)
 .text._ZNSt7__cxx1112basic_stringIcSt11char_traitsIcESaIcEEpLEPKc
                0x000000000800b2bc        0x8 c:/st/stm32cubeide_1.11.2/stm32cubeide/plugins/com.st.stm32cube.ide.mcu.externaltools.gnu-tools-for-stm32.10.3-2021.10.win32_1.0.200.202301161003/tools/bin/../lib/gcc/arm-none-eabi/10.3.1/../../../../arm-none-eabi/lib/thumb/v7e-m+fp/hard\libstdc++_nano.a(string-inst.o)
                0x000000000800b2bc                std::__cxx11::basic_string<char, std::char_traits<char>, std::allocator<char> >::operator+=(char const*)
 .text._ZNKSt7__cxx1112basic_stringIcSt11char_traitsIcESaIcEE5c_strEv
                0x000000000800b2c4        0x4 c:/st/stm32cubeide_1.11.2/stm32cubeide/plugins/com.st.stm32cube.ide.mcu.externaltools.gnu-tools-for-stm32.10.3-2021.10.win32_1.0.200.202301161003/tools/bin/../lib/gcc/arm-none-eabi/10.3.1/../../../../arm-none-eabi/lib/thumb/v7e-m+fp/hard\libstdc++_nano.a(string-inst.o)
                0x000000000800b2c4                std::__cxx11::basic_string<char, std::char_traits<char>, std::allocator<char> >::c_str() const
 .text._ZNKSt7__cxx1112basic_stringIcSt11char_traitsIcESaIcEE4findEPKcjj
                0x000000000800b2c8       0x62 c:/st/stm32cubeide_1.11.2/stm32cubeide/plugins/com.st.stm32cube.ide.mcu.externaltools.gnu-tools-for-stm32.10.3-2021.10.win32_1.0.200.202301161003/tools/bin/../lib/gcc/arm-none-eabi/10.3.1/../../../../arm-none-eabi/lib/thumb/v7e-m+fp/hard\libstdc++_nano.a(string-inst.o)
                0x000000000800b2c8                std::__cxx11::basic_string<char, std::char_traits<char>, std::allocator<char> >::find(char const*, unsigned int, unsigned int) const
 .text._ZNKSt7__cxx1112basic_stringIcSt11char_traitsIcESaIcEE4findERKS4_j
                0x000000000800b32a        0xc c:/st/stm32cubeide_1.11.2/stm32cubeide/plugins/com.st.stm32cube.ide.mcu.externaltools.gnu-tools-for-stm32.10.3-2021.10.win32_1.0.200.202301161003/tools/bin/../lib/gcc/arm-none-eabi/10.3.1/../../../../arm-none-eabi/lib/thumb/v7e-m+fp/hard\libstdc++_nano.a(string-inst.o)
                0x000000000800b32a                std::__cxx11::basic_string<char, std::char_traits<char>, std::allocator<char> >::find(std::__cxx11::basic_string<char, std::char_traits<char>, std::allocator<char> > const&, unsigned int) const
 *fill*         0x000000000800b336        0x2 
 .text._ZNSt7__cxx1112basic_stringIcSt11char_traitsIcESaIcEE12_M_constructIPcEEvT_S7_St20forward_iterator_tag
                0x000000000800b338       0x48 c:/st/stm32cubeide_1.11.2/stm32cubeide/plugins/com.st.stm32cube.ide.mcu.externaltools.gnu-tools-for-stm32.10.3-2021.10.win32_1.0.200.202301161003/tools/bin/../lib/gcc/arm-none-eabi/10.3.1/../../../../arm-none-eabi/lib/thumb/v7e-m+fp/hard\libstdc++_nano.a(string-inst.o)
                0x000000000800b338                void std::__cxx11::basic_string<char, std::char_traits<char>, std::allocator<char> >::_M_construct<char*>(char*, char*, std::forward_iterator_tag)
 .text._ZNSt7__cxx1112basic_stringIcSt11char_traitsIcESaIcEEC2ERKS4_
                0x000000000800b380       0x1e c:/st/stm32cubeide_1.11.2/stm32cubeide/plugins/com.st.stm32cube.ide.mcu.externaltools.gnu-tools-for-stm32.10.3-2021.10.win32_1.0.200.202301161003/tools/bin/../lib/gcc/arm-none-eabi/10.3.1/../../../../arm-none-eabi/lib/thumb/v7e-m+fp/hard\libstdc++_nano.a(string-inst.o)
                0x000000000800b380                std::__cxx11::basic_string<char, std::char_traits<char>, std::allocator<char> >::basic_string(std::__cxx11::basic_string<char, std::char_traits<char>, std::allocator<char> > const&)
                0x000000000800b380                std::__cxx11::basic_string<char, std::char_traits<char>, std::allocator<char> >::basic_string(std::__cxx11::basic_string<char, std::char_traits<char>, std::allocator<char> > const&)
 *fill*         0x000000000800b39e        0x2 
 .text._ZNSt7__cxx1112basic_stringIcSt11char_traitsIcESaIcEE12_M_constructIPKcEEvT_S8_St20forward_iterator_tag
                0x000000000800b3a0       0x48 c:/st/stm32cubeide_1.11.2/stm32cubeide/plugins/com.st.stm32cube.ide.mcu.externaltools.gnu-tools-for-stm32.10.3-2021.10.win32_1.0.200.202301161003/tools/bin/../lib/gcc/arm-none-eabi/10.3.1/../../../../arm-none-eabi/lib/thumb/v7e-m+fp/hard\libstdc++_nano.a(string-inst.o)
                0x000000000800b3a0                void std::__cxx11::basic_string<char, std::char_traits<char>, std::allocator<char> >::_M_construct<char const*>(char const*, char const*, std::forward_iterator_tag)
 .text._ZNSt7__cxx1112basic_stringIcSt11char_traitsIcESaIcEEC2EPKcRKS3_
                0x000000000800b3e8       0x2a c:/st/stm32cubeide_1.11.2/stm32cubeide/plugins/com.st.stm32cube.ide.mcu.externaltools.gnu-tools-for-stm32.10.3-2021.10.win32_1.0.200.202301161003/tools/bin/../lib/gcc/arm-none-eabi/10.3.1/../../../../arm-none-eabi/lib/thumb/v7e-m+fp/hard\libstdc++_nano.a(string-inst.o)
                0x000000000800b3e8                std::__cxx11::basic_string<char, std::char_traits<char>, std::allocator<char> >::basic_string(char const*, std::allocator<char> const&)
                0x000000000800b3e8                std::__cxx11::basic_string<char, std::char_traits<char>, std::allocator<char> >::basic_string(char const*, std::allocator<char> const&)
 *fill*         0x000000000800b412        0x2 
 .text._ZNSt7__cxx1112basic_stringIcSt11char_traitsIcESaIcEEC2ERKS4_jj
                0x000000000800b414       0x44 c:/st/stm32cubeide_1.11.2/stm32cubeide/plugins/com.st.stm32cube.ide.mcu.externaltools.gnu-tools-for-stm32.10.3-2021.10.win32_1.0.200.202301161003/tools/bin/../lib/gcc/arm-none-eabi/10.3.1/../../../../arm-none-eabi/lib/thumb/v7e-m+fp/hard\libstdc++_nano.a(string-inst.o)
                0x000000000800b414                std::__cxx11::basic_string<char, std::char_traits<char>, std::allocator<char> >::basic_string(std::__cxx11::basic_string<char, std::char_traits<char>, std::allocator<char> > const&, unsigned int, unsigned int)
                0x000000000800b414                std::__cxx11::basic_string<char, std::char_traits<char>, std::allocator<char> >::basic_string(std::__cxx11::basic_string<char, std::char_traits<char>, std::allocator<char> > const&, unsigned int, unsigned int)
 .text._ZNKSt7__cxx1112basic_stringIcSt11char_traitsIcESaIcEE6substrEjj
                0x000000000800b458       0x28 c:/st/stm32cubeide_1.11.2/stm32cubeide/plugins/com.st.stm32cube.ide.mcu.externaltools.gnu-tools-for-stm32.10.3-2021.10.win32_1.0.200.202301161003/tools/bin/../lib/gcc/arm-none-eabi/10.3.1/../../../../arm-none-eabi/lib/thumb/v7e-m+fp/hard\libstdc++_nano.a(string-inst.o)
                0x000000000800b458                std::__cxx11::basic_string<char, std::char_traits<char>, std::allocator<char> >::substr(unsigned int, unsigned int) const
 .text._ZdlPv   0x000000000800b480        0x4 c:/st/stm32cubeide_1.11.2/stm32cubeide/plugins/com.st.stm32cube.ide.mcu.externaltools.gnu-tools-for-stm32.10.3-2021.10.win32_1.0.200.202301161003/tools/bin/../lib/gcc/arm-none-eabi/10.3.1/../../../../arm-none-eabi/lib/thumb/v7e-m+fp/hard\libstdc++_nano.a(del_op.o)
                0x000000000800b480                operator delete(void*)
 .text._Znwj    0x000000000800b484       0x22 c:/st/stm32cubeide_1.11.2/stm32cubeide/plugins/com.st.stm32cube.ide.mcu.externaltools.gnu-tools-for-stm32.10.3-2021.10.win32_1.0.200.202301161003/tools/bin/../lib/gcc/arm-none-eabi/10.3.1/../../../../arm-none-eabi/lib/thumb/v7e-m+fp/hard\libstdc++_nano.a(new_op.o)
                0x000000000800b484                operator new(unsigned int)
 *fill*         0x000000000800b4a6        0x2 
 .text._ZSt15get_new_handlerv
                0x000000000800b4a8       0x10 c:/st/stm32cubeide_1.11.2/stm32cubeide/plugins/com.st.stm32cube.ide.mcu.externaltools.gnu-tools-for-stm32.10.3-2021.10.win32_1.0.200.202301161003/tools/bin/../lib/gcc/arm-none-eabi/10.3.1/../../../../arm-none-eabi/lib/thumb/v7e-m+fp/hard\libstdc++_nano.a(new_handler.o)
                0x000000000800b4a8                std::get_new_handler()
 .text.cos      0x000000000800b4b8       0xa8 c:/st/stm32cubeide_1.11.2/stm32cubeide/plugins/com.st.stm32cube.ide.mcu.externaltools.gnu-tools-for-stm32.10.3-2021.10.win32_1.0.200.202301161003/tools/bin/../lib/gcc/arm-none-eabi/10.3.1/../../../../arm-none-eabi/lib/thumb/v7e-m+fp/hard\libm.a(lib_a-s_cos.o)
                0x000000000800b4b8                cos
 .text.sin      0x000000000800b560       0xb0 c:/st/stm32cubeide_1.11.2/stm32cubeide/plugins/com.st.stm32cube.ide.mcu.externaltools.gnu-tools-for-stm32.10.3-2021.10.win32_1.0.200.202301161003/tools/bin/../lib/gcc/arm-none-eabi/10.3.1/../../../../arm-none-eabi/lib/thumb/v7e-m+fp/hard\libm.a(lib_a-s_sin.o)
                0x000000000800b560                sin
 .text.roundf   0x000000000800b610       0x48 c:/st/stm32cubeide_1.11.2/stm32cubeide/plugins/com.st.stm32cube.ide.mcu.externaltools.gnu-tools-for-stm32.10.3-2021.10.win32_1.0.200.202301161003/tools/bin/../lib/gcc/arm-none-eabi/10.3.1/../../../../arm-none-eabi/lib/thumb/v7e-m+fp/hard\libm.a(lib_a-sf_round.o)
                0x000000000800b610                roundf
 .text.__ieee754_rem_pio2
                0x000000000800b658      0x418 c:/st/stm32cubeide_1.11.2/stm32cubeide/plugins/com.st.stm32cube.ide.mcu.externaltools.gnu-tools-for-stm32.10.3-2021.10.win32_1.0.200.202301161003/tools/bin/../lib/gcc/arm-none-eabi/10.3.1/../../../../arm-none-eabi/lib/thumb/v7e-m+fp/hard\libm.a(lib_a-e_rem_pio2.o)
                0x000000000800b658                __ieee754_rem_pio2
 .text.__kernel_cos