../Core/Src/MyFunctions.c:55:6:ChangePinState	24	static
../Core/Src/MyFunctions.c:78:6:InitializeComponents	8	static
../Core/Src/MyFunctions.c:103:6:SetStep	16	static
../Core/Src/MyFunctions.c:144:6:SetStepDirection	56	static
../Core/Src/MyFunctions.c:181:6:ADCHandler	8	static
../Core/Src/MyFunctions.c:208:6:StepperInit	16	static
../Core/Src/MyFunctions.c:263:6:StepperUVInit	24	static
../Core/Src/MyFunctions.c:295:6:InitializeSteppers	112	static
../Core/Src/MyFunctions.c:320:6:ChangeStepperState	16	static
../Core/Src/MyFunctions.c:358:6:ChangeStepperUVState	16	static
../Core/Src/MyFunctions.c:393:6:MoveUVStepper	24	static
../Core/Src/MyFunctions.c:413:6:StopStepper	16	static
../Core/Src/MyFunctions.c:426:6:GoPlus	16	static
../Core/Src/MyFunctions.c:439:6:GoMinus	16	static
../Core/Src/MyFunctions.c:455:6:StepperLock	16	static
../Core/Src/MyFunctions.c:468:6:HardStop	16	static
../Core/Src/MyFunctions.c:485:6:ChangeStepperSpeed	16	static
../Core/Src/MyFunctions.c:559:6:MoveStepperToPosition	24	static
../Core/Src/MyFunctions.c:575:6:ReadCurrentPositions	8	static
../Core/Src/MyFunctions.c:601:6:MovementHandler	40	static
../Core/Src/MyFunctions.c:703:7:CheckPosition	48	static
../Core/Src/MyFunctions.c:758:6:StepperHandler	16	static
../Core/Src/MyFunctions.c:774:6:UVCheckSteps	16	static
../Core/Src/MyFunctions.c:788:6:UVStepperHandler	16	static
../Core/Src/MyFunctions.c:822:6:StartPreparing	4	static
../Core/Src/MyFunctions.c:837:6:PreparingHandler	8	static
../Core/Src/MyFunctions.c:984:6:GeneratePath	48	static
../Core/Src/MyFunctions.c:1020:6:SetStepperSpeeds	32	static
../Core/Src/MyFunctions.c:1060:6:StartMeasuring	8	static
../Core/Src/MyFunctions.c:1082:6:AutomaticHandlerLP	8	static
../Core/Src/MyFunctions.c:1140:6:AutomaticHandlerGD	8	static
../Core/Src/MyFunctions.c:1197:6:AutomaticHandlerSpiral	8	static
../Core/Src/MyFunctions.c:1231:6:AutomaticHandlerCage	24	static
../Core/Src/MyFunctions.c:1339:6:AutomaticHandlerXY	8	static
../Core/Src/MyFunctions.c:1406:6:ResetTargetPositions	16	static
../Core/Src/MyFunctions.c:1421:6:StopMeasuring	8	static
../Core/Src/MyFunctions.c:1464:6:AlignAxis	176	static
../Core/Src/MyFunctions.c:1499:6:AxisPositionCalibrationHandler	8	static
../Core/Src/MyFunctions.c:1600:6:MainFunction	8	static
